Archive member included to satisfy reference by file (symbol)

c:/program files (x86)/atmel/studio/7.0/toolchain/arm/arm-gnu-toolchain/bin/../lib/gcc/arm-none-eabi/6.3.1/../../../../arm-none-eabi/lib/thumb/v7e-m\libc.a(lib_a-exit.o)
                              c:/program files (x86)/atmel/studio/7.0/toolchain/arm/arm-gnu-toolchain/bin/../lib/gcc/arm-none-eabi/6.3.1/../../../../arm-none-eabi/lib/thumb/v7e-m/crt0.o (exit)
c:/program files (x86)/atmel/studio/7.0/toolchain/arm/arm-gnu-toolchain/bin/../lib/gcc/arm-none-eabi/6.3.1/../../../../arm-none-eabi/lib/thumb/v7e-m\libc.a(lib_a-impure.o)
                              c:/program files (x86)/atmel/studio/7.0/toolchain/arm/arm-gnu-toolchain/bin/../lib/gcc/arm-none-eabi/6.3.1/../../../../arm-none-eabi/lib/thumb/v7e-m\libc.a(lib_a-exit.o) (_global_impure_ptr)
c:/program files (x86)/atmel/studio/7.0/toolchain/arm/arm-gnu-toolchain/bin/../lib/gcc/arm-none-eabi/6.3.1/../../../../arm-none-eabi/lib/thumb/v7e-m\libc.a(lib_a-init.o)
                              c:/program files (x86)/atmel/studio/7.0/toolchain/arm/arm-gnu-toolchain/bin/../lib/gcc/arm-none-eabi/6.3.1/../../../../arm-none-eabi/lib/thumb/v7e-m/crt0.o (__libc_init_array)
c:/program files (x86)/atmel/studio/7.0/toolchain/arm/arm-gnu-toolchain/bin/../lib/gcc/arm-none-eabi/6.3.1/../../../../arm-none-eabi/lib/thumb/v7e-m\libc.a(lib_a-memset.o)
                              c:/program files (x86)/atmel/studio/7.0/toolchain/arm/arm-gnu-toolchain/bin/../lib/gcc/arm-none-eabi/6.3.1/../../../../arm-none-eabi/lib/thumb/v7e-m/crt0.o (memset)
c:/program files (x86)/atmel/studio/7.0/toolchain/arm/arm-gnu-toolchain/bin/../lib/gcc/arm-none-eabi/6.3.1/../../../../arm-none-eabi/lib/thumb/v7e-m\libc.a(lib_a-setbuf.o)
                              src/spi_example.o (setbuf)
c:/program files (x86)/atmel/studio/7.0/toolchain/arm/arm-gnu-toolchain/bin/../lib/gcc/arm-none-eabi/6.3.1/../../../../arm-none-eabi/lib/thumb/v7e-m\libc.a(lib_a-setvbuf.o)
                              c:/program files (x86)/atmel/studio/7.0/toolchain/arm/arm-gnu-toolchain/bin/../lib/gcc/arm-none-eabi/6.3.1/../../../../arm-none-eabi/lib/thumb/v7e-m\libc.a(lib_a-setbuf.o) (setvbuf)
c:/program files (x86)/atmel/studio/7.0/toolchain/arm/arm-gnu-toolchain/bin/../lib/gcc/arm-none-eabi/6.3.1/../../../../arm-none-eabi/lib/thumb/v7e-m\libc.a(lib_a-__call_atexit.o)
                              c:/program files (x86)/atmel/studio/7.0/toolchain/arm/arm-gnu-toolchain/bin/../lib/gcc/arm-none-eabi/6.3.1/../../../../arm-none-eabi/lib/thumb/v7e-m\libc.a(lib_a-exit.o) (__call_exitprocs)
c:/program files (x86)/atmel/studio/7.0/toolchain/arm/arm-gnu-toolchain/bin/../lib/gcc/arm-none-eabi/6.3.1/../../../../arm-none-eabi/lib/thumb/v7e-m\libc.a(lib_a-atexit.o)
                              c:/program files (x86)/atmel/studio/7.0/toolchain/arm/arm-gnu-toolchain/bin/../lib/gcc/arm-none-eabi/6.3.1/../../../../arm-none-eabi/lib/thumb/v7e-m\libc.a(lib_a-__call_atexit.o) (atexit)
c:/program files (x86)/atmel/studio/7.0/toolchain/arm/arm-gnu-toolchain/bin/../lib/gcc/arm-none-eabi/6.3.1/../../../../arm-none-eabi/lib/thumb/v7e-m\libc.a(lib_a-fflush.o)
                              c:/program files (x86)/atmel/studio/7.0/toolchain/arm/arm-gnu-toolchain/bin/../lib/gcc/arm-none-eabi/6.3.1/../../../../arm-none-eabi/lib/thumb/v7e-m\libc.a(lib_a-setvbuf.o) (_fflush_r)
c:/program files (x86)/atmel/studio/7.0/toolchain/arm/arm-gnu-toolchain/bin/../lib/gcc/arm-none-eabi/6.3.1/../../../../arm-none-eabi/lib/thumb/v7e-m\libc.a(lib_a-findfp.o)
                              c:/program files (x86)/atmel/studio/7.0/toolchain/arm/arm-gnu-toolchain/bin/../lib/gcc/arm-none-eabi/6.3.1/../../../../arm-none-eabi/lib/thumb/v7e-m\libc.a(lib_a-setvbuf.o) (__sinit)
c:/program files (x86)/atmel/studio/7.0/toolchain/arm/arm-gnu-toolchain/bin/../lib/gcc/arm-none-eabi/6.3.1/../../../../arm-none-eabi/lib/thumb/v7e-m\libc.a(lib_a-fini.o)
                              c:/program files (x86)/atmel/studio/7.0/toolchain/arm/arm-gnu-toolchain/bin/../lib/gcc/arm-none-eabi/6.3.1/../../../../arm-none-eabi/lib/thumb/v7e-m\libc.a(lib_a-__call_atexit.o) (__libc_fini_array)
c:/program files (x86)/atmel/studio/7.0/toolchain/arm/arm-gnu-toolchain/bin/../lib/gcc/arm-none-eabi/6.3.1/../../../../arm-none-eabi/lib/thumb/v7e-m\libc.a(lib_a-freer.o)
                              c:/program files (x86)/atmel/studio/7.0/toolchain/arm/arm-gnu-toolchain/bin/../lib/gcc/arm-none-eabi/6.3.1/../../../../arm-none-eabi/lib/thumb/v7e-m\libc.a(lib_a-setvbuf.o) (_free_r)
c:/program files (x86)/atmel/studio/7.0/toolchain/arm/arm-gnu-toolchain/bin/../lib/gcc/arm-none-eabi/6.3.1/../../../../arm-none-eabi/lib/thumb/v7e-m\libc.a(lib_a-fwalk.o)
                              c:/program files (x86)/atmel/studio/7.0/toolchain/arm/arm-gnu-toolchain/bin/../lib/gcc/arm-none-eabi/6.3.1/../../../../arm-none-eabi/lib/thumb/v7e-m\libc.a(lib_a-findfp.o) (_fwalk)
[...]
Memory Configuration

Name             Origin             Length             Attributes
rom              0x00400000         0x00100000         xr
ram              0x20000000         0x00020000         xrw
*default*        0x00000000         0xffffffff

Linker script and memory map

LOAD c:/program files (x86)/atmel/studio/7.0/toolchain/arm/arm-gnu-toolchain/bin/../lib/gcc/arm-none-eabi/6.3.1/thumb/v7e-m/crti.o
LOAD c:/program files (x86)/atmel/studio/7.0/toolchain/arm/arm-gnu-toolchain/bin/../lib/gcc/arm-none-eabi/6.3.1/thumb/v7e-m/crtbegin.o
LOAD c:/program files (x86)/atmel/studio/7.0/toolchain/arm/arm-gnu-toolchain/bin/../lib/gcc/arm-none-eabi/6.3.1/../../../../arm-none-eabi/lib/thumb/v7e-m/crt0.o
LOAD src/ASF/common/services/clock/sam4e/sysclk.o
LOAD src/ASF/common/services/delay/sam/cycle_counter.o
LOAD src/ASF/common/services/serial/usart_serial.o
LOAD src/ASF/common/utils/interrupt/interrupt_sam_nvic.o
LOAD src/ASF/common/utils/stdio/read.o
LOAD src/ASF/common/utils/stdio/write.o
LOAD src/ASF/sam/boards/sam4e_ek/init.o
LOAD src/ASF/sam/drivers/pmc/pmc.o
LOAD src/ASF/sam/drivers/pmc/sleep.o
LOAD src/ASF/sam/drivers/spi/spi.o
LOAD src/ASF/sam/drivers/uart/uart.o
LOAD src/ASF/sam/drivers/usart/usart.o
LOAD src/ASF/sam/utils/cmsis/sam4e/source/templates/exceptions.o
LOAD src/ASF/sam/utils/cmsis/sam4e/source/templates/gcc/startup_sam4e.o
LOAD src/ASF/sam/utils/cmsis/sam4e/source/templates/system_sam4e.o
LOAD src/ASF/sam/utils/syscalls/gcc/syscalls.o
LOAD src/spi_example.o
START GROUP
LOAD ../src/ASF/thirdparty/CMSIS/Lib/GCC\libarm_cortexM4lf_math_softfp.a
LOAD c:/program files (x86)/atmel/studio/7.0/toolchain/arm/arm-gnu-toolchain/bin/../lib/gcc/arm-none-eabi/6.3.1/../../../../arm-none-eabi/lib/thumb/v7e-m\libm.a
END GROUP
START GROUP
LOAD c:/program files (x86)/atmel/studio/7.0/toolchain/arm/arm-gnu-toolchain/bin/../lib/gcc/arm-none-eabi/6.3.1/thumb/v7e-m\libgcc.a
LOAD c:/program files (x86)/atmel/studio/7.0/toolchain/arm/arm-gnu-toolchain/bin/../lib/gcc/arm-none-eabi/6.3.1/../../../../arm-none-eabi/lib/thumb/v7e-m\libc.a
END GROUP
LOAD c:/program files (x86)/atmel/studio/7.0/toolchain/arm/arm-gnu-toolchain/bin/../lib/gcc/arm-none-eabi/6.3.1/thumb/v7e-m/crtend.o
LOAD c:/program files (x86)/atmel/studio/7.0/toolchain/arm/arm-gnu-toolchain/bin/../lib/gcc/arm-none-eabi/6.3.1/thumb/v7e-m/crtn.o
                0x00003000                __stack_size__ = DEFINED (__stack_size__)?__stack_size__:0x3000
                0x2001fffc                __ram_end__ = ((ORIGIN (ram) + LENGTH (ram)) - 0x4)

.text           0x00400000     0x1ca4
                0x00400000                . = ALIGN (0x4)
                0x00400000                _sfixed = .
 *(.vectors .vectors.*)
 .vectors       0x00400000       0xf8 src/ASF/sam/utils/cmsis/sam4e/source/templates/gcc/startup_sam4e.o
                0x00400000                exception_table
 *(.text .text.* .gnu.linkonce.t.*)
 .text          0x004000f8       0x6c c:/program files (x86)/atmel/studio/7.0/toolchain/arm/arm-gnu-toolchain/bin/../lib/gcc/arm-none-eabi/6.3.1/thumb/v7e-m/crtbegin.o
 .text.sysclk_init
                0x00400164       0x64 src/ASF/common/services/clock/sam4e/sysclk.o
                0x00400164                sysclk_init
 .text._read    0x004001c8       0x3c src/ASF/common/utils/stdio/read.o
                0x004001c8                _read
 .text._write   0x00400204       0x50 src/ASF/common/utils/stdio/write.o
                0x00400204                _write
 .text.board_init
                0x00400254      0x1cc src/ASF/sam/boards/sam4e_ek/init.o
                0x00400254                board_init
 .text.pmc_switch_mck_to_pllack
                0x00400420       0x64 src/ASF/sam/drivers/pmc/pmc.o
                0x00400420                pmc_switch_mck_to_pllack
 .text.pmc_switch_mainck_to_xtal
                0x00400484       0x54 src/ASF/sam/drivers/pmc/pmc.o
                0x00400484                pmc_switch_mainck_to_xtal
 .text.pmc_osc_is_ready_mainck
                0x004004d8       0x10 src/ASF/sam/drivers/pmc/pmc.o
                0x004004d8                pmc_osc_is_ready_mainck
 .text.pmc_disable_pllack
                0x004004e8       0x10 src/ASF/sam/drivers/pmc/pmc.o
                0x004004e8                pmc_disable_pllack
 .text.pmc_is_locked_pllack
                0x004004f8       0x10 src/ASF/sam/drivers/pmc/pmc.o
                0x004004f8                pmc_is_locked_pllack
 .text.pmc_enable_periph_clk
                0x00400508       0x54 src/ASF/sam/drivers/pmc/pmc.o
                0x00400508                pmc_enable_periph_clk
 .text.spi_enable_clock
                0x0040055c       0x10 src/ASF/sam/drivers/spi/spi.o
                0x0040055c                spi_enable_clock
 .text.spi_set_peripheral_chip_select_value
                0x0040056c       0x16 src/ASF/sam/drivers/spi/spi.o
                0x0040056c                spi_set_peripheral_chip_select_value
 .text.spi_write
                0x00400582       0x34 src/ASF/sam/drivers/spi/spi.o
                0x00400582                spi_write
 .text.spi_set_clock_polarity
                0x004005b6       0x1e src/ASF/sam/drivers/spi/spi.o
                0x004005b6                spi_set_clock_polarity
 .text.spi_set_clock_phase
                0x004005d4       0x1e src/ASF/sam/drivers/spi/spi.o
                0x004005d4                spi_set_clock_phase
 .text.spi_set_bits_per_transfer
                0x004005f2       0x14 src/ASF/sam/drivers/spi/spi.o
                0x004005f2                spi_set_bits_per_transfer
 .text.uart_init
                0x00400606       0x38 src/ASF/sam/drivers/uart/uart.o
                0x00400606                uart_init
 .text.uart_write
                0x0040063e       0x10 src/ASF/sam/drivers/uart/uart.o
                0x0040063e                uart_write
 .text.uart_read
                0x0040064e       0x12 src/ASF/sam/drivers/uart/uart.o
                0x0040064e                uart_read
 .text.usart_write
                0x00400660       0x14 src/ASF/sam/drivers/usart/usart.o
                0x00400660                usart_write
 .text.usart_read
                0x00400674       0x18 src/ASF/sam/drivers/usart/usart.o
                0x00400674                usart_read
 .text.Dummy_Handler
                0x0040068c        0x2 src/ASF/sam/utils/cmsis/sam4e/source/templates/exceptions.o
                0x0040068c                DACC_Handler
                0x0040068c                DebugMon_Handler
                0x0040068c                DMAC_Handler
                0x0040068c                HardFault_Handler
                0x0040068c                TC2_Handler
                0x0040068c                SysTick_Handler
                0x0040068c                TWI1_Handler
                0x0040068c                AFEC1_Handler
                0x0040068c                PendSV_Handler
                0x0040068c                NMI_Handler
                0x0040068c                TC7_Handler
                0x0040068c                SMC_Handler
                0x0040068c                USART0_Handler
                0x0040068c                RTT_Handler
                0x0040068c                PIOB_Handler
                0x0040068c                RTC_Handler
                0x0040068c                UsageFault_Handler
                0x0040068c                TC6_Handler
                0x0040068c                WDT_Handler
                0x0040068c                CAN0_Handler
                0x0040068c                TC4_Handler
                0x0040068c                TC1_Handler
                0x0040068c                HSMCI_Handler
                0x0040068c                UART1_Handler
                0x0040068c                TC3_Handler
                0x0040068c                ARM_Handler
                0x0040068c                Dummy_Handler
                0x0040068c                TWI0_Handler
                0x0040068c                USART1_Handler
                0x0040068c                PIOA_Handler
                0x0040068c                AFEC0_Handler
                0x0040068c                ACC_Handler
                0x0040068c                PMC_Handler
                0x0040068c                PWM_Handler
                0x0040068c                GMAC_Handler
                0x0040068c                CAN1_Handler
                0x0040068c                MemManage_Handler
                0x0040068c                SUPC_Handler
                0x0040068c                SVC_Handler
                0x0040068c                TC8_Handler
                0x0040068c                EFC_Handler
                0x0040068c                PIOE_Handler
                0x0040068c                PIOD_Handler
                0x0040068c                UART0_Handler
                0x0040068c                PIOC_Handler
                0x0040068c                UDP_Handler
                0x0040068c                BusFault_Handler
                0x0040068c                RSTC_Handler
                0x0040068c                TC0_Handler
                0x0040068c                TC5_Handler
                0x0040068c                AES_Handler
 *fill*         0x0040068e        0x2 
 .text.Reset_Handler
                0x00400690       0xc8 src/ASF/sam/utils/cmsis/sam4e/source/templates/gcc/startup_sam4e.o
                0x00400690                Reset_Handler
 .text.SystemCoreClockUpdate
                0x00400758      0x10c src/ASF/sam/utils/cmsis/sam4e/source/templates/system_sam4e.o
                0x00400758                SystemCoreClockUpdate
 .text.system_init_flash
                0x00400864       0x74 src/ASF/sam/utils/cmsis/sam4e/source/templates/system_sam4e.o
                0x00400864                system_init_flash
 .text._sbrk    0x004008d8       0x38 src/ASF/sam/utils/syscalls/gcc/syscalls.o
                0x004008d8                _sbrk
 .text._close   0x00400910        0x6 src/ASF/sam/utils/syscalls/gcc/syscalls.o
                0x00400910                _close
 .text._fstat   0x00400916        0xa src/ASF/sam/utils/syscalls/gcc/syscalls.o
                0x00400916                _fstat
 .text._lseek   0x00400920        0x4 src/ASF/sam/utils/syscalls/gcc/syscalls.o
                0x00400920                _lseek
 .text.usart_serial_getchar
                0x00400924       0x88 src/spi_example.o
 .text.usart_serial_putchar
                0x004009ac       0x80 src/spi_example.o
 .text.SPI_Handler
                0x00400a2c       0x40 src/spi_example.o
                0x00400a2c                SPI_Handler
 .text.main     0x00400a6c      0x118 src/spi_example.o
                0x00400a6c                main
 .text.__libc_init_array
                0x00400b84       0x50 c:/program files (x86)/atmel/studio/7.0/toolchain/arm/arm-gnu-toolchain/bin/../lib/gcc/arm-none-eabi/6.3.1/../../../../arm-none-eabi/lib/thumb/v7e-m\libc.a(lib_a-init.o)
                0x00400b84                __libc_init_array
 .text.memset   0x00400bd4       0x9c c:/program files (x86)/atmel/studio/7.0/toolchain/arm/arm-gnu-toolchain/bin/../lib/gcc/arm-none-eabi/6.3.1/../../../../arm-none-eabi/lib/thumb/v7e-m\libc.a(lib_a-memset.o)
                0x00400bd4                memset
 .text.setbuf   0x00400c70       0x10 c:/program files (x86)/atmel/studio/7.0/toolchain/arm/arm-gnu-toolchain/bin/../lib/gcc/arm-none-eabi/6.3.1/../../../../arm-none-eabi/lib/thumb/v7e-m\libc.a(lib_a-setbuf.o)
                0x00400c70                setbuf
 .text.setvbuf  0x00400c80      0x190 c:/program files (x86)/atmel/studio/7.0/toolchain/arm/arm-gnu-toolchain/bin/../lib/gcc/arm-none-eabi/6.3.1/../../../../arm-none-eabi/lib/thumb/v7e-m\libc.a(lib_a-setvbuf.o)
                0x00400c80                setvbuf
 .text.startup.register_fini
                0x00400e10       0x14 c:/program files (x86)/atmel/studio/7.0/toolchain/arm/arm-gnu-toolchain/bin/../lib/gcc/arm-none-eabi/6.3.1/../../../../arm-none-eabi/lib/thumb/v7e-m\libc.a(lib_a-__call_atexit.o)
 .text.atexit   0x00400e24        0xc c:/program files (x86)/atmel/studio/7.0/toolchain/arm/arm-gnu-toolchain/bin/../lib/gcc/arm-none-eabi/6.3.1/../../../../arm-none-eabi/lib/thumb/v7e-m\libc.a(lib_a-atexit.o)
                0x00400e24                atexit
 .text.__sflush_r
                0x00400e30      0x140 c:/program files (x86)/atmel/studio/7.0/toolchain/arm/arm-gnu-toolchain/bin/../lib/gcc/arm-none-eabi/6.3.1/../../../../arm-none-eabi/lib/thumb/v7e-m\libc.a(lib_a-fflush.o)
                0x00400e30                __sflush_r
 .text._fflush_r
                0x00400f70       0x54 c:/program files (x86)/atmel/studio/7.0/toolchain/arm/arm-gnu-toolchain/bin/../lib/gcc/arm-none-eabi/6.3.1/../../../../arm-none-eabi/lib/thumb/v7e-m\libc.a(lib_a-fflush.o)
                0x00400f70                _fflush_r
 .text._cleanup_r
                0x00400fc4        0xc c:/program files (x86)/atmel/studio/7.0/toolchain/arm/arm-gnu-toolchain/bin/../lib/gcc/arm-none-eabi/6.3.1/../../../../arm-none-eabi/lib/thumb/v7e-m\libc.a(lib_a-findfp.o)
                0x00400fc4                _cleanup_r
 .text.std.isra.0
                0x00400fd0       0x50 c:/program files (x86)/atmel/studio/7.0/toolchain/arm/arm-gnu-toolchain/bin/../lib/gcc/arm-none-eabi/6.3.1/../../../../arm-none-eabi/lib/thumb/v7e-m\libc.a(lib_a-findfp.o)
 .text.__sinit  0x00401020       0x58 c:/program files (x86)/atmel/studio/7.0/toolchain/arm/arm-gnu-toolchain/bin/../lib/gcc/arm-none-eabi/6.3.1/../../../../arm-none-eabi/lib/thumb/v7e-m\libc.a(lib_a-findfp.o)
                0x00401020                __sinit
 .text.__sfp_lock_acquire
                0x00401078        0xc c:/program files (x86)/atmel/studio/7.0/toolchain/arm/arm-gnu-toolchain/bin/../lib/gcc/arm-none-eabi/6.3.1/../../../../arm-none-eabi/lib/thumb/v7e-m\libc.a(lib_a-findfp.o)
                0x00401078                __sfp_lock_acquire
 .text.__sfp_lock_release
                0x00401084        0xc c:/program files (x86)/atmel/studio/7.0/toolchain/arm/arm-gnu-toolchain/bin/../lib/gcc/arm-none-eabi/6.3.1/../../../../arm-none-eabi/lib/thumb/v7e-m\libc.a(lib_a-findfp.o)
                0x00401084                __sfp_lock_release
 .text.__libc_fini_array
                0x00401090       0x34 c:/program files (x86)/atmel/studio/7.0/toolchain/arm/arm-gnu-toolchain/bin/../lib/gcc/arm-none-eabi/6.3.1/../../../../arm-none-eabi/lib/thumb/v7e-m\libc.a(lib_a-fini.o)
                0x00401090                __libc_fini_array
 .text._malloc_trim_r
                0x004010c4       0xa0 c:/program files (x86)/atmel/studio/7.0/toolchain/arm/arm-gnu-toolchain/bin/../lib/gcc/arm-none-eabi/6.3.1/../../../../arm-none-eabi/lib/thumb/v7e-m\libc.a(lib_a-freer.o)
                0x004010c4                _malloc_trim_r
 .text._free_r  0x00401164      0x1cc c:/program files (x86)/atmel/studio/7.0/toolchain/arm/arm-gnu-toolchain/bin/../lib/gcc/arm-none-eabi/6.3.1/../../../../arm-none-eabi/lib/thumb/v7e-m\libc.a(lib_a-freer.o)
                0x00401164                _free_r
 .text._fwalk_reent
                0x00401330       0x54 c:/program files (x86)/atmel/studio/7.0/toolchain/arm/arm-gnu-toolchain/bin/../lib/gcc/arm-none-eabi/6.3.1/../../../../arm-none-eabi/lib/thumb/v7e-m\libc.a(lib_a-fwalk.o)
                0x00401330                _fwalk_reent
 .text.__retarget_lock_init_recursive
                0x00401384        0x4 c:/program files (x86)/atmel/studio/7.0/toolchain/arm/arm-gnu-toolchain/bin/../lib/gcc/arm-none-eabi/6.3.1/../../../../arm-none-eabi/lib/thumb/v7e-m\libc.a(lib_a-lock.o)
                0x00401384                __retarget_lock_init_recursive
 .text.__retarget_lock_close_recursive
                0x00401388        0x4 c:/program files (x86)/atmel/studio/7.0/toolchain/arm/arm-gnu-toolchain/bin/../lib/gcc/arm-none-eabi/6.3.1/../../../../arm-none-eabi/lib/thumb/v7e-m\libc.a(lib_a-lock.o)
                0x00401388                __retarget_lock_close_recursive
 .text.__retarget_lock_acquire_recursive
                0x0040138c        0x4 c:/program files (x86)/atmel/studio/7.0/toolchain/arm/arm-gnu-toolchain/bin/../lib/gcc/arm-none-eabi/6.3.1/../../../../arm-none-eabi/lib/thumb/v7e-m\libc.a(lib_a-lock.o)
                0x0040138c                __retarget_lock_acquire_recursive
 .text.__retarget_lock_release_recursive
                0x00401390        0x4 c:/program files (x86)/atmel/studio/7.0/toolchain/arm/arm-gnu-toolchain/bin/../lib/gcc/arm-none-eabi/6.3.1/../../../../arm-none-eabi/lib/thumb/v7e-m\libc.a(lib_a-lock.o)
                0x00401390                __retarget_lock_release_recursive
 .text.__swhatbuf_r
                0x00401394       0x5c c:/program files (x86)/atmel/studio/7.0/toolchain/arm/arm-gnu-toolchain/bin/../lib/gcc/arm-none-eabi/6.3.1/../../../../arm-none-eabi/lib/thumb/v7e-m\libc.a(lib_a-makebuf.o)
                0x00401394                __swhatbuf_r
 .text.malloc   0x004013f0       0x10 c:/program files (x86)/atmel/studio/7.0/toolchain/arm/arm-gnu-toolchain/bin/../lib/gcc/arm-none-eabi/6.3.1/../../../../arm-none-eabi/lib/thumb/v7e-m\libc.a(lib_a-malloc.o)
                0x004013f0                malloc
 .text._malloc_r
                0x00401400      0x560 c:/program files (x86)/atmel/studio/7.0/toolchain/arm/arm-gnu-toolchain/bin/../lib/gcc/arm-none-eabi/6.3.1/../../../../arm-none-eabi/lib/thumb/v7e-m\libc.a(lib_a-mallocr.o)
                0x00401400                _malloc_r
 .text.__malloc_lock
                0x00401960        0xc c:/program files (x86)/atmel/studio/7.0/toolchain/arm/arm-gnu-toolchain/bin/../lib/gcc/arm-none-eabi/6.3.1/../../../../arm-none-eabi/lib/thumb/v7e-m\libc.a(lib_a-mlock.o)
                0x00401960                __malloc_lock
 .text.__malloc_unlock
                0x0040196c        0xc c:/program files (x86)/atmel/studio/7.0/toolchain/arm/arm-gnu-toolchain/bin/../lib/gcc/arm-none-eabi/6.3.1/../../../../arm-none-eabi/lib/thumb/v7e-m\libc.a(lib_a-mlock.o)
                0x0040196c                __malloc_unlock
 .text._sbrk_r  0x00401978       0x24 c:/program files (x86)/atmel/studio/7.0/toolchain/arm/arm-gnu-toolchain/bin/../lib/gcc/arm-none-eabi/6.3.1/../../../../arm-none-eabi/lib/thumb/v7e-m\libc.a(lib_a-sbrkr.o)
                0x00401978                _sbrk_r
 .text.__sread  0x0040199c       0x24 c:/program files (x86)/atmel/studio/7.0/toolchain/arm/arm-gnu-toolchain/bin/../lib/gcc/arm-none-eabi/6.3.1/../../../../arm-none-eabi/lib/thumb/v7e-m\libc.a(lib_a-stdio.o)
                0x0040199c                __sread
 .text.__swrite
                0x004019c0       0x3c c:/program files (x86)/atmel/studio/7.0/toolchain/arm/arm-gnu-toolchain/bin/../lib/gcc/arm-none-eabi/6.3.1/../../../../arm-none-eabi/lib/thumb/v7e-m\libc.a(lib_a-stdio.o)
                0x004019c0                __swrite
 .text.__sseek  0x004019fc       0x20 c:/program files (x86)/atmel/studio/7.0/toolchain/arm/arm-gnu-toolchain/bin/../lib/gcc/arm-none-eabi/6.3.1/../../../../arm-none-eabi/lib/thumb/v7e-m\libc.a(lib_a-stdio.o)
                0x004019fc                __sseek
 .text.__sclose
                0x00401a1c        0x8 c:/program files (x86)/atmel/studio/7.0/toolchain/arm/arm-gnu-toolchain/bin/../lib/gcc/arm-none-eabi/6.3.1/../../../../arm-none-eabi/lib/thumb/v7e-m\libc.a(lib_a-stdio.o)
                0x00401a1c                __sclose
 .text._write_r
                0x00401a24       0x2c c:/program files (x86)/atmel/studio/7.0/toolchain/arm/arm-gnu-toolchain/bin/../lib/gcc/arm-none-eabi/6.3.1/../../../../arm-none-eabi/lib/thumb/v7e-m\libc.a(lib_a-writer.o)
                0x00401a24                _write_r
 .text.__register_exitproc
                0x00401a50       0xc4 c:/program files (x86)/atmel/studio/7.0/toolchain/arm/arm-gnu-toolchain/bin/../lib/gcc/arm-none-eabi/6.3.1/../../../../arm-none-eabi/lib/thumb/v7e-m\libc.a(lib_a-__atexit.o)
                0x00401a50                __register_exitproc
 .text._close_r
                0x00401b14       0x24 c:/program files (x86)/atmel/studio/7.0/toolchain/arm/arm-gnu-toolchain/bin/../lib/gcc/arm-none-eabi/6.3.1/../../../../arm-none-eabi/lib/thumb/v7e-m\libc.a(lib_a-closer.o)
                0x00401b14                _close_r
 .text._fclose_r
                0x00401b38       0xc4 c:/program files (x86)/atmel/studio/7.0/toolchain/arm/arm-gnu-toolchain/bin/../lib/gcc/arm-none-eabi/6.3.1/../../../../arm-none-eabi/lib/thumb/v7e-m\libc.a(lib_a-fclose.o)
                0x00401b38                _fclose_r
 .text._fstat_r
                0x00401bfc       0x28 c:/program files (x86)/atmel/studio/7.0/toolchain/arm/arm-gnu-toolchain/bin/../lib/gcc/arm-none-eabi/6.3.1/../../../../arm-none-eabi/lib/thumb/v7e-m\libc.a(lib_a-fstatr.o)
                0x00401bfc                _fstat_r
 .text._lseek_r
                0x00401c24       0x2c c:/program files (x86)/atmel/studio/7.0/toolchain/arm/arm-gnu-toolchain/bin/../lib/gcc/arm-none-eabi/6.3.1/../../../../arm-none-eabi/lib/thumb/v7e-m\libc.a(lib_a-lseekr.o)
                0x00401c24                _lseek_r
 .text._read_r  0x00401c50       0x2c c:/program files (x86)/atmel/studio/7.0/toolchain/arm/arm-gnu-toolchain/bin/../lib/gcc/arm-none-eabi/6.3.1/../../../../arm-none-eabi/lib/thumb/v7e-m\libc.a(lib_a-readr.o)
                0x00401c50                _read_r
 *(.glue_7t)
 .glue_7t       0x00401c7c        0x0 linker stubs
 *(.glue_7)
 .glue_7        0x00401c7c        0x0 linker stubs
 *(.rodata .rodata* .gnu.linkonce.r.*)
 .rodata._global_impure_ptr
                0x00401c7c        0x4 c:/program files (x86)/atmel/studio/7.0/toolchain/arm/arm-gnu-toolchain/bin/../lib/gcc/arm-none-eabi/6.3.1/../../../../arm-none-eabi/lib/thumb/v7e-m\libc.a(lib_a-impure.o)
                0x00401c7c                _global_impure_ptr
 *(.ARM.extab* .gnu.linkonce.armextab.*)
                0x00401c80                . = ALIGN (0x4)
 *(.init)
 .init          0x00401c80        0x4 c:/program files (x86)/atmel/studio/7.0/toolchain/arm/arm-gnu-toolchain/bin/../lib/gcc/arm-none-eabi/6.3.1/thumb/v7e-m/crti.o
                0x00401c80                _init
 .init          0x00401c84        0x8 c:/program files (x86)/atmel/studio/7.0/toolchain/arm/arm-gnu-toolchain/bin/../lib/gcc/arm-none-eabi/6.3.1/thumb/v7e-m/crtn.o
                0x00401c8c                . = ALIGN (0x4)
                0x00401c8c                __preinit_array_start = .
 *(.preinit_array)
                0x00401c8c                __preinit_array_end = .
                0x00401c8c                . = ALIGN (0x4)
                0x00401c8c                __init_array_start = .
 *(SORT(.init_array.*))
 .init_array.00000
                0x00401c8c        0x4 c:/program files (x86)/atmel/studio/7.0/toolchain/arm/arm-gnu-toolchain/bin/../lib/gcc/arm-none-eabi/6.3.1/../../../../arm-none-eabi/lib/thumb/v7e-m\libc.a(lib_a-__call_atexit.o)
 *(.init_array)
 .init_array    0x00401c90        0x4 c:/program files (x86)/atmel/studio/7.0/toolchain/arm/arm-gnu-toolchain/bin/../lib/gcc/arm-none-eabi/6.3.1/thumb/v7e-m/crtbegin.o
                0x00401c94                __init_array_end = .
                0x00401c94                . = ALIGN (0x4)
 *crtbegin.o(.ctors)
 *(EXCLUDE_FILE(*crtend.o) .ctors)
 *(SORT(.ctors.*))
 *crtend.o(.ctors)
                0x00401c94                . = ALIGN (0x4)
 *(.fini)
 .fini          0x00401c94        0x4 c:/program files (x86)/atmel/studio/7.0/toolchain/arm/arm-gnu-toolchain/bin/../lib/gcc/arm-none-eabi/6.3.1/thumb/v7e-m/crti.o
                0x00401c94                _fini
 .fini          0x00401c98        0x8 c:/program files (x86)/atmel/studio/7.0/toolchain/arm/arm-gnu-toolchain/bin/../lib/gcc/arm-none-eabi/6.3.1/thumb/v7e-m/crtn.o
                0x00401ca0                . = ALIGN (0x4)
                0x00401ca0                __fini_array_start = .
 *(.fini_array)
 .fini_array    0x00401ca0        0x4 c:/program files (x86)/atmel/studio/7.0/toolchain/arm/arm-gnu-toolchain/bin/../lib/gcc/arm-none-eabi/6.3.1/thumb/v7e-m/crtbegin.o
 *(SORT(.fini_array.*))
                0x00401ca4                __fini_array_end = .
 *crtbegin.o(.dtors)
 *(EXCLUDE_FILE(*crtend.o) .dtors)
 *(SORT(.dtors.*))
 *crtend.o(.dtors)
                0x00401ca4                . = ALIGN (0x4)
                0x00401ca4                _efixed = .
                [!provide]                PROVIDE (__exidx_start, .)

.vfp11_veneer   0x00401ca4        0x0
 .vfp11_veneer  0x00401ca4        0x0 linker stubs

.v4_bx          0x00401ca4        0x0
 .v4_bx         0x00401ca4        0x0 linker stubs

.iplt           0x00401ca4        0x0
 .iplt          0x00401ca4        0x0 c:/program files (x86)/atmel/studio/7.0/toolchain/arm/arm-gnu-toolchain/bin/../lib/gcc/arm-none-eabi/6.3.1/thumb/v7e-m/crtbegin.o

.eh_frame       0x00401ca4        0x0
 .eh_frame      0x00401ca4        0x0 c:/program files (x86)/atmel/studio/7.0/toolchain/arm/arm-gnu-toolchain/bin/../lib/gcc/arm-none-eabi/6.3.1/thumb/v7e-m/crtbegin.o

.rel.dyn        0x00401ca4        0x0
 .rel.iplt      0x00401ca4        0x0 c:/program files (x86)/atmel/studio/7.0/toolchain/arm/arm-gnu-toolchain/bin/../lib/gcc/arm-none-eabi/6.3.1/thumb/v7e-m/crtbegin.o

.jcr            0x00401ca4        0x0
 .jcr           0x00401ca4        0x0 c:/program files (x86)/atmel/studio/7.0/toolchain/arm/arm-gnu-toolchain/bin/../lib/gcc/arm-none-eabi/6.3.1/thumb/v7e-m/crtbegin.o

.igot.plt       0x00401ca4        0x0
 .igot.plt      0x00401ca4        0x0 c:/program files (x86)/atmel/studio/7.0/toolchain/arm/arm-gnu-toolchain/bin/../lib/gcc/arm-none-eabi/6.3.1/thumb/v7e-m/crtbegin.o

.ARM.exidx
 *(.ARM.exidx* .gnu.linkonce.armexidx.*)
                [!provide]                PROVIDE (__exidx_end, .)
                0x00401ca4                . = ALIGN (0x4)
                0x00401ca4                _etext = .

.relocate       0x20000000      0x84c load address 0x00401ca4
                0x20000000                . = ALIGN (0x4)
                0x20000000                _srelocate = .
 *(.ramfunc .ramfunc.*)
 *(.data .data.*)
 .data.g_interrupt_enabled
                0x20000000        0x1 src/ASF/common/utils/interrupt/interrupt_sam_nvic.o
                0x20000000                g_interrupt_enabled
 *fill*         0x20000001        0x3 
 .data.SystemCoreClock
                0x20000004        0x4 src/ASF/sam/utils/cmsis/sam4e/source/templates/system_sam4e.o
                0x20000004                SystemCoreClock
 .data._impure_ptr
                0x20000008        0x4 c:/program files (x86)/atmel/studio/7.0/toolchain/arm/arm-gnu-toolchain/bin/../lib/gcc/arm-none-eabi/6.3.1/../../../../arm-none-eabi/lib/thumb/v7e-m\libc.a(lib_a-impure.o)
                0x20000008                _impure_ptr
 *fill*         0x2000000c        0x4 
 .data.impure_data
                0x20000010      0x428 c:/program files (x86)/atmel/studio/7.0/toolchain/arm/arm-gnu-toolchain/bin/../lib/gcc/arm-none-eabi/6.3.1/../../../../arm-none-eabi/lib/thumb/v7e-m\libc.a(lib_a-impure.o)
 .data.__atexit_recursive_mutex
                0x20000438        0x4 c:/program files (x86)/atmel/studio/7.0/toolchain/arm/arm-gnu-toolchain/bin/../lib/gcc/arm-none-eabi/6.3.1/../../../../arm-none-eabi/lib/thumb/v7e-m\libc.a(lib_a-__call_atexit.o)
                0x20000438                __atexit_recursive_mutex
 .data.__malloc_av_
                0x2000043c      0x408 c:/program files (x86)/atmel/studio/7.0/toolchain/arm/arm-gnu-toolchain/bin/../lib/gcc/arm-none-eabi/6.3.1/../../../../arm-none-eabi/lib/thumb/v7e-m\libc.a(lib_a-mallocr.o)
                0x2000043c                __malloc_av_
 .data.__malloc_sbrk_base
                0x20000844        0x4 c:/program files (x86)/atmel/studio/7.0/toolchain/arm/arm-gnu-toolchain/bin/../lib/gcc/arm-none-eabi/6.3.1/../../../../arm-none-eabi/lib/thumb/v7e-m\libc.a(lib_a-mallocr.o)
                0x20000844                __malloc_sbrk_base
 .data.__malloc_trim_threshold
                0x20000848        0x4 c:/program files (x86)/atmel/studio/7.0/toolchain/arm/arm-gnu-toolchain/bin/../lib/gcc/arm-none-eabi/6.3.1/../../../../arm-none-eabi/lib/thumb/v7e-m\libc.a(lib_a-mallocr.o)
                0x20000848                __malloc_trim_threshold
                0x2000084c                . = ALIGN (0x4)
                0x2000084c                _erelocate = .

.bss            0x2000084c      0x28c load address 0x004024f0
                0x2000084c                . = ALIGN (0x4)
                0x2000084c                _sbss = .
                0x2000084c                _szero = .
 *(.bss .bss.*)
 .bss           0x2000084c       0x1c c:/program files (x86)/atmel/studio/7.0/toolchain/arm/arm-gnu-toolchain/bin/../lib/gcc/arm-none-eabi/6.3.1/thumb/v7e-m/crtbegin.o
 .bss.heap.6420
                0x20000868        0x4 src/ASF/sam/utils/syscalls/gcc/syscalls.o
 .bss.buffer    0x2000086c      0x200 src/spi_example.o
 .bss.i         0x20000a6c        0x4 src/spi_example.o
                0x20000a6c                i
 .bss.__malloc_current_mallinfo
                0x20000a70       0x28 c:/program files (x86)/atmel/studio/7.0/toolchain/arm/arm-gnu-toolchain/bin/../lib/gcc/arm-none-eabi/6.3.1/../../../../arm-none-eabi/lib/thumb/v7e-m\libc.a(lib_a-mallocr.o)
                0x20000a70                __malloc_current_mallinfo
 .bss.__malloc_max_sbrked_mem
                0x20000a98        0x4 c:/program files (x86)/atmel/studio/7.0/toolchain/arm/arm-gnu-toolchain/bin/../lib/gcc/arm-none-eabi/6.3.1/../../../../arm-none-eabi/lib/thumb/v7e-m\libc.a(lib_a-mallocr.o)
                0x20000a98                __malloc_max_sbrked_mem
 .bss.__malloc_max_total_mem
                0x20000a9c        0x4 c:/program files (x86)/atmel/studio/7.0/toolchain/arm/arm-gnu-toolchain/bin/../lib/gcc/arm-none-eabi/6.3.1/../../../../arm-none-eabi/lib/thumb/v7e-m\libc.a(lib_a-mallocr.o)
                0x20000a9c                __malloc_max_total_mem
 .bss.__malloc_top_pad
                0x20000aa0        0x4 c:/program files (x86)/atmel/studio/7.0/toolchain/arm/arm-gnu-toolchain/bin/../lib/gcc/arm-none-eabi/6.3.1/../../../../arm-none-eabi/lib/thumb/v7e-m\libc.a(lib_a-mallocr.o)
                0x20000aa0                __malloc_top_pad
 *(COMMON)
 COMMON         0x20000aa4        0x4 src/ASF/common/utils/stdio/read.o
                0x20000aa4                ptr_get
 COMMON         0x20000aa8        0x8 src/ASF/common/utils/stdio/write.o
                0x20000aa8                ptr_put
                0x20000aac                stdio_base
 COMMON         0x20000ab0       0x21 c:/program files (x86)/atmel/studio/7.0/toolchain/arm/arm-gnu-toolchain/bin/../lib/gcc/arm-none-eabi/6.3.1/../../../../arm-none-eabi/lib/thumb/v7e-m\libc.a(lib_a-lock.o)
                0x20000ab0                __lock___atexit_recursive_mutex
                0x20000ab4                __lock___arc4random_mutex
                0x20000ab8                __lock___env_recursive_mutex
                0x20000abc                __lock___sinit_recursive_mutex
                0x20000ac0                __lock___malloc_recursive_mutex
                0x20000ac4                __lock___at_quick_exit_mutex
                0x20000ac8                __lock___dd_hash_mutex
                0x20000acc                __lock___tz_mutex
                0x20000ad0                __lock___sfp_recursive_mutex
 *fill*         0x20000ad1        0x3 
 COMMON         0x20000ad4        0x4 c:/program files (x86)/atmel/studio/7.0/toolchain/arm/arm-gnu-toolchain/bin/../lib/gcc/arm-none-eabi/6.3.1/../../../../arm-none-eabi/lib/thumb/v7e-m\libc.a(lib_a-reent.o)
                0x20000ad4                errno
                0x20000ad8                . = ALIGN (0x4)
                0x20000ad8                _ebss = .
                0x20000ad8                _ezero = .

.stack          0x20000ad8     0x3000 load address 0x0040277c
                0x20000ad8                . = ALIGN (0x8)
                0x20000ad8                _sstack = .
                0x20003ad8                . = (. + __stack_size__)
 *fill*         0x20000ad8     0x3000 
                0x20003ad8                . = ALIGN (0x8)
                0x20003ad8                _estack = .
                0x20003ad8                . = ALIGN (0x4)
                0x20003ad8                _end = .
OUTPUT(SPI_EXAMPLE1.elf elf32-littlearm)

.ARM.attributes
                0x00000000       0x2e
 .ARM.attributes
                0x00000000       0x1e c:/program files (x86)/atmel/studio/7.0/toolchain/arm/arm-gnu-toolchain/bin/../lib/gcc/arm-none-eabi/6.3.1/thumb/v7e-m/crti.o
 .ARM.attributes
                0x0000001e       0x2e c:/program files (x86)/atmel/studio/7.0/toolchain/arm/arm-gnu-toolchain/bin/../lib/gcc/arm-none-eabi/6.3.1/thumb/v7e-m/crtbegin.o
 .ARM.attributes
                0x0000004c       0x37 src/ASF/common/services/clock/sam4e/sysclk.o
 .ARM.attributes
                0x00000083       0x37 src/ASF/common/utils/interrupt/interrupt_sam_nvic.o
 .ARM.attributes
                0x000000ba       0x37 src/ASF/common/utils/stdio/read.o
 .ARM.attributes
                0x000000f1       0x37 src/ASF/common/utils/stdio/write.o
 .ARM.attributes
                0x00000128       0x37 src/ASF/sam/boards/sam4e_ek/init.o
 .ARM.attributes
                0x0000015f       0x37 src/ASF/sam/drivers/pmc/pmc.o
 .ARM.attributes
                0x00000196       0x37 src/ASF/sam/drivers/spi/spi.o
 .ARM.attributes
                0x000001cd       0x37 src/ASF/sam/drivers/uart/uart.o
 .ARM.attributes
                0x00000204       0x37 src/ASF/sam/drivers/usart/usart.o
 .ARM.attributes
                0x0000023b       0x37 src/ASF/sam/utils/cmsis/sam4e/source/templates/exceptions.o
 .ARM.attributes
                0x00000272       0x37 src/ASF/sam/utils/cmsis/sam4e/source/templates/gcc/startup_sam4e.o
 .ARM.attributes
                0x000002a9       0x37 src/ASF/sam/utils/cmsis/sam4e/source/templates/system_sam4e.o
 .ARM.attributes
                0x000002e0       0x37 src/ASF/sam/utils/syscalls/gcc/syscalls.o
 .ARM.attributes
                0x00000317       0x37 src/spi_example.o
 .ARM.attributes
                0x0000034e       0x2e c:/program files (x86)/atmel/studio/7.0/toolchain/arm/arm-gnu-toolchain/bin/../lib/gcc/arm-none-eabi/6.3.1/../../../../arm-none-eabi/lib/thumb/v7e-m\libc.a(lib_a-impure.o)
 .ARM.attributes
                0x0000037c       0x2e c:/program files (x86)/atmel/studio/7.0/toolchain/arm/arm-gnu-toolchain/bin/../lib/gcc/arm-none-eabi/6.3.1/../../../../arm-none-eabi/lib/thumb/v7e-m\libc.a(lib_a-init.o)
 .ARM.attributes
                0x000003aa       0x2e c:/program files (x86)/atmel/studio/7.0/toolchain/arm/arm-gnu-toolchain/bin/../lib/gcc/arm-none-eabi/6.3.1/../../../../arm-none-eabi/lib/thumb/v7e-m\libc.a(lib_a-memset.o)
 .ARM.attributes
                0x000003d8       0x2e c:/program files (x86)/atmel/studio/7.0/toolchain/arm/arm-gnu-toolchain/bin/../lib/gcc/arm-none-eabi/6.3.1/../../../../arm-none-eabi/lib/thumb/v7e-m\libc.a(lib_a-setbuf.o)
 .ARM.attributes
                0x00000406       0x2e c:/program files (x86)/atmel/studio/7.0/toolchain/arm/arm-gnu-toolchain/bin/../lib/gcc/arm-none-eabi/6.3.1/../../../../arm-none-eabi/lib/thumb/v7e-m\libc.a(lib_a-setvbuf.o)
 .ARM.attributes
                0x00000434       0x2e c:/program files (x86)/atmel/studio/7.0/toolchain/arm/arm-gnu-toolchain/bin/../lib/gcc/arm-none-eabi/6.3.1/../../../../arm-none-eabi/lib/thumb/v7e-m\libc.a(lib_a-__call_atexit.o)
 .ARM.attributes
                0x00000462       0x2e c:/program files (x86)/atmel/studio/7.0/toolchain/arm/arm-gnu-toolchain/bin/../lib/gcc/arm-none-eabi/6.3.1/../../../../arm-none-eabi/lib/thumb/v7e-m\libc.a(lib_a-atexit.o)
 .ARM.attributes
                0x00000490       0x2e c:/program files (x86)/atmel/studio/7.0/toolchain/arm/arm-gnu-toolchain/bin/../lib/gcc/arm-none-eabi/6.3.1/../../../../arm-none-eabi/lib/thumb/v7e-m\libc.a(lib_a-fflush.o)
 .ARM.attributes
                0x000004be       0x2e c:/program files (x86)/atmel/studio/7.0/toolchain/arm/arm-gnu-toolchain/bin/../lib/gcc/arm-none-eabi/6.3.1/../../../../arm-none-eabi/lib/thumb/v7e-m\libc.a(lib_a-findfp.o)
 .ARM.attributes
                0x000004ec       0x2e c:/program files (x86)/atmel/studio/7.0/toolchain/arm/arm-gnu-toolchain/bin/../lib/gcc/arm-none-eabi/6.3.1/../../../../arm-none-eabi/lib/thumb/v7e-m\libc.a(lib_a-fini.o)
 .ARM.attributes
                0x0000051a       0x2e c:/program files (x86)/atmel/studio/7.0/toolchain/arm/arm-gnu-toolchain/bin/../lib/gcc/arm-none-eabi/6.3.1/../../../../arm-none-eabi/lib/thumb/v7e-m\libc.a(lib_a-freer.o)
 .ARM.attributes
                0x00000548       0x2e c:/program files (x86)/atmel/studio/7.0/toolchain/arm/arm-gnu-toolchain/bin/../lib/gcc/arm-none-eabi/6.3.1/../../../../arm-none-eabi/lib/thumb/v7e-m\libc.a(lib_a-fwalk.o)
 .ARM.attributes
                0x00000576       0x2e c:/program files (x86)/atmel/studio/7.0/toolchain/arm/arm-gnu-toolchain/bin/../lib/gcc/arm-none-eabi/6.3.1/../../../../arm-none-eabi/lib/thumb/v7e-m\libc.a(lib_a-lock.o)
 .ARM.attributes
                0x000005a4       0x2e c:/program files (x86)/atmel/studio/7.0/toolchain/arm/arm-gnu-toolchain/bin/../lib/gcc/arm-none-eabi/6.3.1/../../../../arm-none-eabi/lib/thumb/v7e-m\libc.a(lib_a-makebuf.o)
 .ARM.attributes
                0x000005d2       0x2e c:/program files (x86)/atmel/studio/7.0/toolchain/arm/arm-gnu-toolchain/bin/../lib/gcc/arm-none-eabi/6.3.1/../../../../arm-none-eabi/lib/thumb/v7e-m\libc.a(lib_a-malloc.o)
 .ARM.attributes
                0x00000600       0x2e c:/program files (x86)/atmel/studio/7.0/toolchain/arm/arm-gnu-toolchain/bin/../lib/gcc/arm-none-eabi/6.3.1/../../../../arm-none-eabi/lib/thumb/v7e-m\libc.a(lib_a-mallocr.o)
 .ARM.attributes
                0x0000062e       0x2e c:/program files (x86)/atmel/studio/7.0/toolchain/arm/arm-gnu-toolchain/bin/../lib/gcc/arm-none-eabi/6.3.1/../../../../arm-none-eabi/lib/thumb/v7e-m\libc.a(lib_a-mlock.o)
 .ARM.attributes
                0x0000065c       0x2e c:/program files (x86)/atmel/studio/7.0/toolchain/arm/arm-gnu-toolchain/bin/../lib/gcc/arm-none-eabi/6.3.1/../../../../arm-none-eabi/lib/thumb/v7e-m\libc.a(lib_a-sbrkr.o)
 .ARM.attributes
                0x0000068a       0x2e c:/program files (x86)/atmel/studio/7.0/toolchain/arm/arm-gnu-toolchain/bin/../lib/gcc/arm-none-eabi/6.3.1/../../../../arm-none-eabi/lib/thumb/v7e-m\libc.a(lib_a-stdio.o)
 .ARM.attributes
                0x000006b8       0x2e c:/program files (x86)/atmel/studio/7.0/toolchain/arm/arm-gnu-toolchain/bin/../lib/gcc/arm-none-eabi/6.3.1/../../../../arm-none-eabi/lib/thumb/v7e-m\libc.a(lib_a-writer.o)
 .ARM.attributes
                0x000006e6       0x2e c:/program files (x86)/atmel/studio/7.0/toolchain/arm/arm-gnu-toolchain/bin/../lib/gcc/arm-none-eabi/6.3.1/../../../../arm-none-eabi/lib/thumb/v7e-m\libc.a(lib_a-__atexit.o)
 .ARM.attributes
                0x00000714       0x2e c:/program files (x86)/atmel/studio/7.0/toolchain/arm/arm-gnu-toolchain/bin/../lib/gcc/arm-none-eabi/6.3.1/../../../../arm-none-eabi/lib/thumb/v7e-m\libc.a(lib_a-closer.o)
 .ARM.attributes
                0x00000742       0x2e c:/program files (x86)/atmel/studio/7.0/toolchain/arm/arm-gnu-toolchain/bin/../lib/gcc/arm-none-eabi/6.3.1/../../../../arm-none-eabi/lib/thumb/v7e-m\libc.a(lib_a-fclose.o)
 .ARM.attributes
                0x00000770       0x2e c:/program files (x86)/atmel/studio/7.0/toolchain/arm/arm-gnu-toolchain/bin/../lib/gcc/arm-none-eabi/6.3.1/../../../../arm-none-eabi/lib/thumb/v7e-m\libc.a(lib_a-fstatr.o)
 .ARM.attributes
                0x0000079e       0x2e c:/program files (x86)/atmel/studio/7.0/toolchain/arm/arm-gnu-toolchain/bin/../lib/gcc/arm-none-eabi/6.3.1/../../../../arm-none-eabi/lib/thumb/v7e-m\libc.a(lib_a-lseekr.o)
 .ARM.attributes
                0x000007cc       0x2e c:/program files (x86)/atmel/studio/7.0/toolchain/arm/arm-gnu-toolchain/bin/../lib/gcc/arm-none-eabi/6.3.1/../../../../arm-none-eabi/lib/thumb/v7e-m\libc.a(lib_a-readr.o)
 .ARM.attributes
                0x000007fa       0x2e c:/program files (x86)/atmel/studio/7.0/toolchain/arm/arm-gnu-toolchain/bin/../lib/gcc/arm-none-eabi/6.3.1/../../../../arm-none-eabi/lib/thumb/v7e-m\libc.a(lib_a-reent.o)
 .ARM.attributes
                0x00000828       0x1e c:/program files (x86)/atmel/studio/7.0/toolchain/arm/arm-gnu-toolchain/bin/../lib/gcc/arm-none-eabi/6.3.1/thumb/v7e-m/crtn.o

.comment        0x00000000       0x59
 .comment       0x00000000       0x59 src/ASF/common/services/clock/sam4e/sysclk.o
                                 0x5a (size before relaxing)
 .comment       0x00000059       0x5a src/ASF/common/utils/interrupt/interrupt_sam_nvic.o
 .comment       0x00000059       0x5a src/ASF/common/utils/stdio/read.o
 .comment       0x00000059       0x5a src/ASF/common/utils/stdio/write.o
 .comment       0x00000059       0x5a src/ASF/sam/boards/sam4e_ek/init.o
 .comment       0x00000059       0x5a src/ASF/sam/drivers/pmc/pmc.o
 .comment       0x00000059       0x5a src/ASF/sam/drivers/spi/spi.o
 .comment       0x00000059       0x5a src/ASF/sam/drivers/uart/uart.o
 .comment       0x00000059       0x5a src/ASF/sam/drivers/usart/usart.o
 .comment       0x00000059       0x5a src/ASF/sam/utils/cmsis/sam4e/source/templates/exceptions.o
 .comment       0x00000059       0x5a src/ASF/sam/utils/cmsis/sam4e/source/templates/gcc/startup_sam4e.o
 .comment       0x00000059       0x5a src/ASF/sam/utils/cmsis/sam4e/source/templates/system_sam4e.o
 .comment       0x00000059       0x5a src/ASF/sam/utils/syscalls/gcc/syscalls.o
 .comment       0x00000059       0x5a src/spi_example.o

.debug_info     0x00000000     0xee1c
 .debug_info    0x00000000     0x1124 src/ASF/common/services/clock/sam4e/sysclk.o
 .debug_info    0x00001124      0xaff src/ASF/common/utils/interrupt/interrupt_sam_nvic.o
 .debug_info    0x00001c23      0xac9 src/ASF/common/utils/stdio/read.o
 .debug_info    0x000026ec      0xac6 src/ASF/common/utils/stdio/write.o
 .debug_info    0x000031b2     0x1f9f src/ASF/sam/boards/sam4e_ek/init.o
 .debug_info    0x00005151     0x18b1 src/ASF/sam/drivers/pmc/pmc.o
 .debug_info    0x00006a02     0x11c9 src/ASF/sam/drivers/spi/spi.o
 .debug_info    0x00007bcb     0x11ae src/ASF/sam/drivers/uart/uart.o
 .debug_info    0x00008d79     0x2039 src/ASF/sam/drivers/usart/usart.o
 .debug_info    0x0000adb2       0xdc src/ASF/sam/utils/cmsis/sam4e/source/templates/exceptions.o
 .debug_info    0x0000ae8e     0x1240 src/ASF/sam/utils/cmsis/sam4e/source/templates/gcc/startup_sam4e.o
 .debug_info    0x0000c0ce      0x495 src/ASF/sam/utils/cmsis/sam4e/source/templates/system_sam4e.o
 .debug_info    0x0000c563      0xdb0 src/ASF/sam/utils/syscalls/gcc/syscalls.o
 .debug_info    0x0000d313     0x1b09 src/spi_example.o

.debug_abbrev   0x00000000     0x23ba
 .debug_abbrev  0x00000000      0x311 src/ASF/common/services/clock/sam4e/sysclk.o
 .debug_abbrev  0x00000311      0x221 src/ASF/common/utils/interrupt/interrupt_sam_nvic.o
 .debug_abbrev  0x00000532      0x1fe src/ASF/common/utils/stdio/read.o
 .debug_abbrev  0x00000730      0x1e9 src/ASF/common/utils/stdio/write.o
 .debug_abbrev  0x00000919      0x2e4 src/ASF/sam/boards/sam4e_ek/init.o
 .debug_abbrev  0x00000bfd      0x315 src/ASF/sam/drivers/pmc/pmc.o
 .debug_abbrev  0x00000f12      0x398 src/ASF/sam/drivers/spi/spi.o
 .debug_abbrev  0x000012aa      0x288 src/ASF/sam/drivers/uart/uart.o
 .debug_abbrev  0x00001532      0x406 src/ASF/sam/drivers/usart/usart.o
 .debug_abbrev  0x00001938       0x7d src/ASF/sam/utils/cmsis/sam4e/source/templates/exceptions.o
 .debug_abbrev  0x000019b5      0x2bd src/ASF/sam/utils/cmsis/sam4e/source/templates/gcc/startup_sam4e.o
 .debug_abbrev  0x00001c72      0x102 src/ASF/sam/utils/cmsis/sam4e/source/templates/system_sam4e.o
 .debug_abbrev  0x00001d74      0x264 src/ASF/sam/utils/syscalls/gcc/syscalls.o
 .debug_abbrev  0x00001fd8      0x3e2 src/spi_example.o

.debug_loc      0x00000000     0x2d1e
 .debug_loc     0x00000000      0x12a src/ASF/common/services/clock/sam4e/sysclk.o
 .debug_loc     0x0000012a       0xb3 src/ASF/common/utils/stdio/read.o
 .debug_loc     0x000001dd      0x12b src/ASF/common/utils/stdio/write.o
 .debug_loc     0x00000308      0x48c src/ASF/sam/boards/sam4e_ek/init.o
 .debug_loc     0x00000794      0x9c6 src/ASF/sam/drivers/pmc/pmc.o
 .debug_loc     0x0000115a      0x5ac src/ASF/sam/drivers/spi/spi.o
 .debug_loc     0x00001706      0x241 src/ASF/sam/drivers/uart/uart.o
 .debug_loc     0x00001947      0xe59 src/ASF/sam/drivers/usart/usart.o
 .debug_loc     0x000027a0       0x77 src/ASF/sam/utils/cmsis/sam4e/source/templates/gcc/startup_sam4e.o
 .debug_loc     0x00002817       0xfd src/ASF/sam/utils/syscalls/gcc/syscalls.o
 .debug_loc     0x00002914      0x40a src/spi_example.o

.debug_aranges  0x00000000      0x720
 .debug_aranges
                0x00000000       0x30 src/ASF/common/services/clock/sam4e/sysclk.o
 .debug_aranges
                0x00000030       0x28 src/ASF/common/utils/interrupt/interrupt_sam_nvic.o
 .debug_aranges
                0x00000058       0x20 src/ASF/common/utils/stdio/read.o
 .debug_aranges
                0x00000078       0x20 src/ASF/common/utils/stdio/write.o
 .debug_aranges
                0x00000098       0x20 src/ASF/sam/boards/sam4e_ek/init.o
 .debug_aranges
                0x000000b8      0x1d8 src/ASF/sam/drivers/pmc/pmc.o
 .debug_aranges
                0x00000290       0x90 src/ASF/sam/drivers/spi/spi.o
 .debug_aranges
                0x00000320       0xe8 src/ASF/sam/drivers/uart/uart.o
 .debug_aranges
                0x00000408      0x210 src/ASF/sam/drivers/usart/usart.o
 .debug_aranges
                0x00000618       0x20 src/ASF/sam/utils/cmsis/sam4e/source/templates/exceptions.o
 .debug_aranges
                0x00000638       0x20 src/ASF/sam/utils/cmsis/sam4e/source/templates/gcc/startup_sam4e.o
 .debug_aranges
                0x00000658       0x30 src/ASF/sam/utils/cmsis/sam4e/source/templates/system_sam4e.o
 .debug_aranges
                0x00000688       0x60 src/ASF/sam/utils/syscalls/gcc/syscalls.o
 .debug_aranges
                0x000006e8       0x38 src/spi_example.o

.debug_ranges   0x00000000      0x640
 .debug_ranges  0x00000000       0x20 src/ASF/common/services/clock/sam4e/sysclk.o
 .debug_ranges  0x00000020       0x18 src/ASF/common/utils/interrupt/interrupt_sam_nvic.o
 .debug_ranges  0x00000038       0x10 src/ASF/common/utils/stdio/read.o
 .debug_ranges  0x00000048       0x10 src/ASF/common/utils/stdio/write.o
 .debug_ranges  0x00000058       0x10 src/ASF/sam/boards/sam4e_ek/init.o
 .debug_ranges  0x00000068      0x1c8 src/ASF/sam/drivers/pmc/pmc.o
 .debug_ranges  0x00000230       0x80 src/ASF/sam/drivers/spi/spi.o
 .debug_ranges  0x000002b0       0xd8 src/ASF/sam/drivers/uart/uart.o
 .debug_ranges  0x00000388      0x200 src/ASF/sam/drivers/usart/usart.o
 .debug_ranges  0x00000588       0x10 src/ASF/sam/utils/cmsis/sam4e/source/templates/exceptions.o
 .debug_ranges  0x00000598       0x10 src/ASF/sam/utils/cmsis/sam4e/source/templates/gcc/startup_sam4e.o
 .debug_ranges  0x000005a8       0x20 src/ASF/sam/utils/cmsis/sam4e/source/templates/system_sam4e.o
 .debug_ranges  0x000005c8       0x50 src/ASF/sam/utils/syscalls/gcc/syscalls.o
 .debug_ranges  0x00000618       0x28 src/spi_example.o

.debug_macro    0x00000000    0x171ab
 .debug_macro   0x00000000      0x624 src/ASF/common/services/clock/sam4e/sysclk.o
 .debug_macro   0x00000624      0x8ce src/ASF/common/services/clock/sam4e/sysclk.o
 .debug_macro   0x00000ef2      0x71d src/ASF/common/services/clock/sam4e/sysclk.o
 .debug_macro   0x0000160f       0x28 src/ASF/common/services/clock/sam4e/sysclk.o
 .debug_macro   0x00001637      0x16d src/ASF/common/services/clock/sam4e/sysclk.o
 .debug_macro   0x000017a4       0x76 src/ASF/common/services/clock/sam4e/sysclk.o
 .debug_macro   0x0000181a       0x16 src/ASF/common/services/clock/sam4e/sysclk.o
 .debug_macro   0x00001830      0x6da src/ASF/common/services/clock/sam4e/sysclk.o
 .debug_macro   0x00001f0a       0x22 src/ASF/common/services/clock/sam4e/sysclk.o
 .debug_macro   0x00001f2c       0x87 src/ASF/common/services/clock/sam4e/sysclk.o
 .debug_macro   0x00001fb3       0x51 src/ASF/common/services/clock/sam4e/sysclk.o
 .debug_macro   0x00002004       0xef src/ASF/common/services/clock/sam4e/sysclk.o
 .debug_macro   0x000020f3       0x6a src/ASF/common/services/clock/sam4e/sysclk.o
 .debug_macro   0x0000215d      0x1df src/ASF/common/services/clock/sam4e/sysclk.o
 .debug_macro   0x0000233c       0x27 src/ASF/common/services/clock/sam4e/sysclk.o
 .debug_macro   0x00002363       0x1c src/ASF/common/services/clock/sam4e/sysclk.o
 .debug_macro   0x0000237f       0x22 src/ASF/common/services/clock/sam4e/sysclk.o
 .debug_macro   0x000023a1       0xdf src/ASF/common/services/clock/sam4e/sysclk.o
 .debug_macro   0x00002480     0x102d src/ASF/common/services/clock/sam4e/sysclk.o
 .debug_macro   0x000034ad      0x11f src/ASF/common/services/clock/sam4e/sysclk.o
 .debug_macro   0x000035cc      0x154 src/ASF/common/services/clock/sam4e/sysclk.o
 .debug_macro   0x00003720      0x18f src/ASF/common/services/clock/sam4e/sysclk.o
 .debug_macro   0x000038af      0xbec src/ASF/common/services/clock/sam4e/sysclk.o
 .debug_macro   0x0000449b      0x535 src/ASF/common/services/clock/sam4e/sysclk.o
 .debug_macro   0x000049d0      0x196 src/ASF/common/services/clock/sam4e/sysclk.o
 .debug_macro   0x00004b66      0x11e src/ASF/common/services/clock/sam4e/sysclk.o
 .debug_macro   0x00004c84      0x428 src/ASF/common/services/clock/sam4e/sysclk.o
 .debug_macro   0x000050ac      0x541 src/ASF/common/services/clock/sam4e/sysclk.o
 .debug_macro   0x000055ed      0x106 src/ASF/common/services/clock/sam4e/sysclk.o
 .debug_macro   0x000056f3      0xa74 src/ASF/common/services/clock/sam4e/sysclk.o
 .debug_macro   0x00006167       0x1c src/ASF/common/services/clock/sam4e/sysclk.o
 .debug_macro   0x00006183      0x735 src/ASF/common/services/clock/sam4e/sysclk.o
 .debug_macro   0x000068b8      0x44d src/ASF/common/services/clock/sam4e/sysclk.o
 .debug_macro   0x00006d05       0xbe src/ASF/common/services/clock/sam4e/sysclk.o
 .debug_macro   0x00006dc3     0x28b1 src/ASF/common/services/clock/sam4e/sysclk.o
 .debug_macro   0x00009674      0x834 src/ASF/common/services/clock/sam4e/sysclk.o
 .debug_macro   0x00009ea8      0xb28 src/ASF/common/services/clock/sam4e/sysclk.o
 .debug_macro   0x0000a9d0       0x9a src/ASF/common/services/clock/sam4e/sysclk.o
 .debug_macro   0x0000aa6a       0x76 src/ASF/common/services/clock/sam4e/sysclk.o
 .debug_macro   0x0000aae0      0x3cf src/ASF/common/services/clock/sam4e/sysclk.o
 .debug_macro   0x0000aeaf       0x64 src/ASF/common/services/clock/sam4e/sysclk.o
 .debug_macro   0x0000af13      0x1a6 src/ASF/common/services/clock/sam4e/sysclk.o
 .debug_macro   0x0000b0b9      0x37c src/ASF/common/services/clock/sam4e/sysclk.o
 .debug_macro   0x0000b435      0x6fd src/ASF/common/services/clock/sam4e/sysclk.o
 .debug_macro   0x0000bb32      0x6f4 src/ASF/common/services/clock/sam4e/sysclk.o
 .debug_macro   0x0000c226      0x377 src/ASF/common/services/clock/sam4e/sysclk.o
 .debug_macro   0x0000c59d      0x2a1 src/ASF/common/services/clock/sam4e/sysclk.o
 .debug_macro   0x0000c83e      0x2cd src/ASF/common/services/clock/sam4e/sysclk.o
 .debug_macro   0x0000cb0b      0x6b2 src/ASF/common/services/clock/sam4e/sysclk.o
 .debug_macro   0x0000d1bd       0x76 src/ASF/common/services/clock/sam4e/sysclk.o
 .debug_macro   0x0000d233      0x2e9 src/ASF/common/services/clock/sam4e/sysclk.o
 .debug_macro   0x0000d51c       0x46 src/ASF/common/services/clock/sam4e/sysclk.o
 .debug_macro   0x0000d562      0x21b src/ASF/common/services/clock/sam4e/sysclk.o
 .debug_macro   0x0000d77d      0x21b src/ASF/common/services/clock/sam4e/sysclk.o
 .debug_macro   0x0000d998      0x287 src/ASF/common/services/clock/sam4e/sysclk.o
 .debug_macro   0x0000dc1f       0x88 src/ASF/common/services/clock/sam4e/sysclk.o
 .debug_macro   0x0000dca7       0x82 src/ASF/common/services/clock/sam4e/sysclk.o
 .debug_macro   0x0000dd29       0xb8 src/ASF/common/services/clock/sam4e/sysclk.o
 .debug_macro   0x0000dde1       0x52 src/ASF/common/services/clock/sam4e/sysclk.o
 .debug_macro   0x0000de33       0x88 src/ASF/common/services/clock/sam4e/sysclk.o
 .debug_macro   0x0000debb      0x1bb src/ASF/common/services/clock/sam4e/sysclk.o
 .debug_macro   0x0000e076      0x1bb src/ASF/common/services/clock/sam4e/sysclk.o
 .debug_macro   0x0000e231      0x12b src/ASF/common/services/clock/sam4e/sysclk.o
 .debug_macro   0x0000e35c       0xac src/ASF/common/services/clock/sam4e/sysclk.o
 .debug_macro   0x0000e408       0xac src/ASF/common/services/clock/sam4e/sysclk.o
 .debug_macro   0x0000e4b4       0x94 src/ASF/common/services/clock/sam4e/sysclk.o
 .debug_macro   0x0000e548       0x94 src/ASF/common/services/clock/sam4e/sysclk.o
 .debug_macro   0x0000e5dc       0xdc src/ASF/common/services/clock/sam4e/sysclk.o
 .debug_macro   0x0000e6b8       0xdc src/ASF/common/services/clock/sam4e/sysclk.o
 .debug_macro   0x0000e794       0x7c src/ASF/common/services/clock/sam4e/sysclk.o
 .debug_macro   0x0000e810       0x40 src/ASF/common/services/clock/sam4e/sysclk.o
 .debug_macro   0x0000e850       0xee src/ASF/common/services/clock/sam4e/sysclk.o
 .debug_macro   0x0000e93e       0x46 src/ASF/common/services/clock/sam4e/sysclk.o
 .debug_macro   0x0000e984       0x58 src/ASF/common/services/clock/sam4e/sysclk.o
 .debug_macro   0x0000e9dc       0xa6 src/ASF/common/services/clock/sam4e/sysclk.o
 .debug_macro   0x0000ea82       0x82 src/ASF/common/services/clock/sam4e/sysclk.o
 .debug_macro   0x0000eb04       0x16 src/ASF/common/services/clock/sam4e/sysclk.o
 .debug_macro   0x0000eb1a       0x22 src/ASF/common/services/clock/sam4e/sysclk.o
 .debug_macro   0x0000eb3c      0x193 src/ASF/common/services/clock/sam4e/sysclk.o
 .debug_macro   0x0000eccf      0x163 src/ASF/common/services/clock/sam4e/sysclk.o
 .debug_macro   0x0000ee32      0x163 src/ASF/common/services/clock/sam4e/sysclk.o
 .debug_macro   0x0000ef95      0x163 src/ASF/common/services/clock/sam4e/sysclk.o
 .debug_macro   0x0000f0f8      0x163 src/ASF/common/services/clock/sam4e/sysclk.o
 .debug_macro   0x0000f25b       0x1c src/ASF/common/services/clock/sam4e/sysclk.o
 .debug_macro   0x0000f277       0x2e src/ASF/common/services/clock/sam4e/sysclk.o
 .debug_macro   0x0000f2a5       0x22 src/ASF/common/services/clock/sam4e/sysclk.o
 .debug_macro   0x0000f2c7       0x1c src/ASF/common/services/clock/sam4e/sysclk.o
 .debug_macro   0x0000f2e3       0x52 src/ASF/common/services/clock/sam4e/sysclk.o
 .debug_macro   0x0000f335       0x10 src/ASF/common/services/clock/sam4e/sysclk.o
 .debug_macro   0x0000f345       0x1c src/ASF/common/services/clock/sam4e/sysclk.o
 .debug_macro   0x0000f361      0x2b2 src/ASF/common/services/clock/sam4e/sysclk.o
 .debug_macro   0x0000f613      0xc83 src/ASF/common/services/clock/sam4e/sysclk.o
 .debug_macro   0x00010296      0x10e src/ASF/common/services/clock/sam4e/sysclk.o
 .debug_macro   0x000103a4       0x58 src/ASF/common/services/clock/sam4e/sysclk.o
 .debug_macro   0x000103fc       0x35 src/ASF/common/services/clock/sam4e/sysclk.o
 .debug_macro   0x00010431       0x9c src/ASF/common/services/clock/sam4e/sysclk.o
 .debug_macro   0x000104cd       0x16 src/ASF/common/services/clock/sam4e/sysclk.o
 .debug_macro   0x000104e3       0x35 src/ASF/common/services/clock/sam4e/sysclk.o
 .debug_macro   0x00010518      0x34d src/ASF/common/services/clock/sam4e/sysclk.o
 .debug_macro   0x00010865       0x10 src/ASF/common/services/clock/sam4e/sysclk.o
 .debug_macro   0x00010875       0x58 src/ASF/common/services/clock/sam4e/sysclk.o
 .debug_macro   0x000108cd       0x1f src/ASF/common/services/clock/sam4e/sysclk.o
 .debug_macro   0x000108ec       0x43 src/ASF/common/services/clock/sam4e/sysclk.o
 .debug_macro   0x0001092f       0x20 src/ASF/common/services/clock/sam4e/sysclk.o
 .debug_macro   0x0001094f      0x187 src/ASF/common/services/clock/sam4e/sysclk.o
 .debug_macro   0x00010ad6       0x10 src/ASF/common/services/clock/sam4e/sysclk.o
 .debug_macro   0x00010ae6       0x1c src/ASF/common/services/clock/sam4e/sysclk.o
 .debug_macro   0x00010b02       0x52 src/ASF/common/services/clock/sam4e/sysclk.o
 .debug_macro   0x00010b54       0x40 src/ASF/common/services/clock/sam4e/sysclk.o
 .debug_macro   0x00010b94       0x10 src/ASF/common/services/clock/sam4e/sysclk.o
 .debug_macro   0x00010ba4       0x40 src/ASF/common/services/clock/sam4e/sysclk.o
 .debug_macro   0x00010be4       0xd7 src/ASF/common/services/clock/sam4e/sysclk.o
 .debug_macro   0x00010cbb       0x16 src/ASF/common/services/clock/sam4e/sysclk.o
 .debug_macro   0x00010cd1      0x18b src/ASF/common/services/clock/sam4e/sysclk.o
 .debug_macro   0x00010e5c       0x22 src/ASF/common/services/clock/sam4e/sysclk.o
 .debug_macro   0x00010e7e       0x16 src/ASF/common/services/clock/sam4e/sysclk.o
 .debug_macro   0x00010e94       0x16 src/ASF/common/services/clock/sam4e/sysclk.o
 .debug_macro   0x00010eaa       0x29 src/ASF/common/services/clock/sam4e/sysclk.o
 .debug_macro   0x00010ed3       0x73 src/ASF/common/services/clock/sam4e/sysclk.o
 .debug_macro   0x00010f46       0x3e src/ASF/common/services/clock/sam4e/sysclk.o
 .debug_macro   0x00010f84      0x3ca src/ASF/common/services/clock/sam4e/sysclk.o
 .debug_macro   0x0001134e      0x2d9 src/ASF/common/services/clock/sam4e/sysclk.o
 .debug_macro   0x00011627      0xafb src/ASF/common/services/clock/sam4e/sysclk.o
 .debug_macro   0x00012122       0x58 src/ASF/common/services/clock/sam4e/sysclk.o
 .debug_macro   0x0001217a       0x64 src/ASF/common/services/clock/sam4e/sysclk.o
 .debug_macro   0x000121de       0x40 src/ASF/common/services/clock/sam4e/sysclk.o
 .debug_macro   0x0001221e       0x82 src/ASF/common/services/clock/sam4e/sysclk.o
 .debug_macro   0x000122a0      0x59d src/ASF/common/utils/interrupt/interrupt_sam_nvic.o
 .debug_macro   0x0001283d      0x59d src/ASF/common/utils/stdio/read.o
 .debug_macro   0x00012dda      0x59d src/ASF/common/utils/stdio/write.o
 .debug_macro   0x00013377      0x656 src/ASF/sam/boards/sam4e_ek/init.o
 .debug_macro   0x000139cd       0x34 src/ASF/sam/boards/sam4e_ek/init.o
 .debug_macro   0x00013a01       0x82 src/ASF/sam/boards/sam4e_ek/init.o
 .debug_macro   0x00013a83      0x5b2 src/ASF/sam/drivers/pmc/pmc.o
 .debug_macro   0x00014035       0x52 src/ASF/sam/drivers/pmc/pmc.o
 .debug_macro   0x00014087      0x62e src/ASF/sam/drivers/spi/spi.o
 .debug_macro   0x000146b5       0x10 src/ASF/sam/drivers/spi/spi.o
 .debug_macro   0x000146c5      0x5ac src/ASF/sam/drivers/uart/uart.o
 .debug_macro   0x00014c71       0x16 src/ASF/sam/drivers/uart/uart.o
 .debug_macro   0x00014c87      0x5e2 src/ASF/sam/drivers/usart/usart.o
 .debug_macro   0x00015269       0x28 src/ASF/sam/drivers/usart/usart.o
 .debug_macro   0x00015291      0x3a4 src/ASF/sam/utils/cmsis/sam4e/source/templates/exceptions.o
 .debug_macro   0x00015635      0x5b6 src/ASF/sam/utils/cmsis/sam4e/source/templates/gcc/startup_sam4e.o
 .debug_macro   0x00015beb       0x10 src/ASF/sam/utils/cmsis/sam4e/source/templates/gcc/startup_sam4e.o
 .debug_macro   0x00015bfb      0x3b2 src/ASF/sam/utils/cmsis/sam4e/source/templates/system_sam4e.o
 .debug_macro   0x00015fad      0x1d6 src/ASF/sam/utils/syscalls/gcc/syscalls.o
 .debug_macro   0x00016183       0x52 src/ASF/sam/utils/syscalls/gcc/syscalls.o
 .debug_macro   0x000161d5       0x8d src/ASF/sam/utils/syscalls/gcc/syscalls.o
 .debug_macro   0x00016262       0x57 src/ASF/sam/utils/syscalls/gcc/syscalls.o
 .debug_macro   0x000162b9       0x97 src/ASF/sam/utils/syscalls/gcc/syscalls.o
 .debug_macro   0x00016350      0x353 src/ASF/sam/utils/syscalls/gcc/syscalls.o
 .debug_macro   0x000166a3       0xf6 src/ASF/sam/utils/syscalls/gcc/syscalls.o
 .debug_macro   0x00016799       0x4c src/ASF/sam/utils/syscalls/gcc/syscalls.o
 .debug_macro   0x000167e5       0x16 src/ASF/sam/utils/syscalls/gcc/syscalls.o
 .debug_macro   0x000167fb       0x10 src/ASF/sam/utils/syscalls/gcc/syscalls.o
 .debug_macro   0x0001680b       0x10 src/ASF/sam/utils/syscalls/gcc/syscalls.o
 .debug_macro   0x0001681b       0x35 src/ASF/sam/utils/syscalls/gcc/syscalls.o
 .debug_macro   0x00016850      0x122 src/ASF/sam/utils/syscalls/gcc/syscalls.o
 .debug_macro   0x00016972      0x709 src/spi_example.o
 .debug_macro   0x0001707b       0x28 src/spi_example.o
 .debug_macro   0x000170a3       0x22 src/spi_example.o
 .debug_macro   0x000170c5       0x88 src/spi_example.o
 .debug_macro   0x0001714d       0x16 src/spi_example.o
 .debug_macro   0x00017163       0x1c src/spi_example.o
 .debug_macro   0x0001717f       0x16 src/spi_example.o
 .debug_macro   0x00017195       0x16 src/spi_example.o

.debug_line     0x00000000     0x8cf7
 .debug_line    0x00000000      0xa5b src/ASF/common/services/clock/sam4e/sysclk.o
 .debug_line    0x00000a5b      0x930 src/ASF/common/utils/interrupt/interrupt_sam_nvic.o
 .debug_line    0x0000138b      0x91b src/ASF/common/utils/stdio/read.o
 .debug_line    0x00001ca6      0x913 src/ASF/common/utils/stdio/write.o
 .debug_line    0x000025b9      0xb5b src/ASF/sam/boards/sam4e_ek/init.o
 .debug_line    0x00003114      0xe29 src/ASF/sam/drivers/pmc/pmc.o
 .debug_line    0x00003f3d      0xb65 src/ASF/sam/drivers/spi/spi.o
 .debug_line    0x00004aa2      0xace src/ASF/sam/drivers/uart/uart.o
 .debug_line    0x00005570      0xe97 src/ASF/sam/drivers/usart/usart.o
 .debug_line    0x00006407      0x697 src/ASF/sam/utils/cmsis/sam4e/source/templates/exceptions.o
 .debug_line    0x00006a9e      0x99e src/ASF/sam/utils/cmsis/sam4e/source/templates/gcc/startup_sam4e.o
 .debug_line    0x0000743c      0x71a src/ASF/sam/utils/cmsis/sam4e/source/templates/system_sam4e.o
 .debug_line    0x00007b56      0x40b src/ASF/sam/utils/syscalls/gcc/syscalls.o
 .debug_line    0x00007f61      0xd96 src/spi_example.o

.debug_str      0x00000000    0x6413d
 .debug_str     0x00000000    0x60644 src/ASF/common/services/clock/sam4e/sysclk.o
                              0x60b58 (size before relaxing)
 .debug_str     0x00060644       0x94 src/ASF/common/utils/interrupt/interrupt_sam_nvic.o
                              0x5baaf (size before relaxing)
 .debug_str     0x000606d8       0x3f src/ASF/common/utils/stdio/read.o
                              0x5ba58 (size before relaxing)
 .debug_str     0x00060717       0x2e src/ASF/common/utils/stdio/write.o
                              0x5ba59 (size before relaxing)
 .debug_str     0x00060745      0x9db src/ASF/sam/boards/sam4e_ek/init.o
                              0x6128b (size before relaxing)
 .debug_str     0x00061120      0x5fe src/ASF/sam/drivers/pmc/pmc.o
                              0x5c437 (size before relaxing)
 .debug_str     0x0006171e      0x43e src/ASF/sam/drivers/spi/spi.o
                              0x60c38 (size before relaxing)
 .debug_str     0x00061b5c      0x3c5 src/ASF/sam/drivers/uart/uart.o
                              0x5be26 (size before relaxing)
 .debug_str     0x00061f21      0x943 src/ASF/sam/drivers/usart/usart.o
                              0x5c44d (size before relaxing)
 .debug_str     0x00062864       0x4d src/ASF/sam/utils/cmsis/sam4e/source/templates/exceptions.o
                              0x4b225 (size before relaxing)
 .debug_str     0x000628b1      0x56d src/ASF/sam/utils/cmsis/sam4e/source/templates/gcc/startup_sam4e.o
                              0x5c066 (size before relaxing)
 .debug_str     0x00062e1e      0x17b src/ASF/sam/utils/cmsis/sam4e/source/templates/system_sam4e.o
                              0x4b4ef (size before relaxing)
 .debug_str     0x00062f99      0x787 src/ASF/sam/utils/syscalls/gcc/syscalls.o
                               0x7433 (size before relaxing)
 .debug_str     0x00063720      0xa1d src/spi_example.o
                              0x61b24 (size before relaxing)

.debug_frame    0x00000000     0x1610
 .debug_frame   0x00000000       0x58 src/ASF/common/services/clock/sam4e/sysclk.o
 .debug_frame   0x00000058       0x30 src/ASF/common/utils/interrupt/interrupt_sam_nvic.o
 .debug_frame   0x00000088       0x30 src/ASF/common/utils/stdio/read.o
 .debug_frame   0x000000b8       0x48 src/ASF/common/utils/stdio/write.o
 .debug_frame   0x00000100       0x28 src/ASF/sam/boards/sam4e_ek/init.o
 .debug_frame   0x00000128      0x39c src/ASF/sam/drivers/pmc/pmc.o
 .debug_frame   0x000004c4      0x140 src/ASF/sam/drivers/spi/spi.o
 .debug_frame   0x00000604      0x1bc src/ASF/sam/drivers/uart/uart.o
 .debug_frame   0x000007c0      0x48c src/ASF/sam/drivers/usart/usart.o
 .debug_frame   0x00000c4c       0x20 src/ASF/sam/utils/cmsis/sam4e/source/templates/exceptions.o
 .debug_frame   0x00000c6c       0x28 src/ASF/sam/utils/cmsis/sam4e/source/templates/gcc/startup_sam4e.o
 .debug_frame   0x00000c94       0x40 src/ASF/sam/utils/cmsis/sam4e/source/templates/system_sam4e.o
 .debug_frame   0x00000cd4       0xa0 src/ASF/sam/utils/syscalls/gcc/syscalls.o
 .debug_frame   0x00000d74       0x90 src/spi_example.o
 .debug_frame   0x00000e04       0x2c c:/program files (x86)/atmel/studio/7.0/toolchain/arm/arm-gnu-toolchain/bin/../lib/gcc/arm-none-eabi/6.3.1/../../../../arm-none-eabi/lib/thumb/v7e-m\libc.a(lib_a-init.o)
 .debug_frame   0x00000e30       0x34 c:/program files (x86)/atmel/studio/7.0/toolchain/arm/arm-gnu-toolchain/bin/../lib/gcc/arm-none-eabi/6.3.1/../../../../arm-none-eabi/lib/thumb/v7e-m\libc.a(lib_a-memset.o)
 .debug_frame   0x00000e64       0x20 c:/program files (x86)/atmel/studio/7.0/toolchain/arm/arm-gnu-toolchain/bin/../lib/gcc/arm-none-eabi/6.3.1/../../../../arm-none-eabi/lib/thumb/v7e-m\libc.a(lib_a-setbuf.o)
 .debug_frame   0x00000e84       0x48 c:/program files (x86)/atmel/studio/7.0/toolchain/arm/arm-gnu-toolchain/bin/../lib/gcc/arm-none-eabi/6.3.1/../../../../arm-none-eabi/lib/thumb/v7e-m\libc.a(lib_a-setvbuf.o)
 .debug_frame   0x00000ecc       0x5c c:/program files (x86)/atmel/studio/7.0/toolchain/arm/arm-gnu-toolchain/bin/../lib/gcc/arm-none-eabi/6.3.1/../../../../arm-none-eabi/lib/thumb/v7e-m\libc.a(lib_a-__call_atexit.o)
 .debug_frame   0x00000f28       0x20 c:/program files (x86)/atmel/studio/7.0/toolchain/arm/arm-gnu-toolchain/bin/../lib/gcc/arm-none-eabi/6.3.1/../../../../arm-none-eabi/lib/thumb/v7e-m\libc.a(lib_a-atexit.o)
 .debug_frame   0x00000f48       0x5c c:/program files (x86)/atmel/studio/7.0/toolchain/arm/arm-gnu-toolchain/bin/../lib/gcc/arm-none-eabi/6.3.1/../../../../arm-none-eabi/lib/thumb/v7e-m\libc.a(lib_a-fflush.o)
 .debug_frame   0x00000fa4      0x148 c:/program files (x86)/atmel/studio/7.0/toolchain/arm/arm-gnu-toolchain/bin/../lib/gcc/arm-none-eabi/6.3.1/../../../../arm-none-eabi/lib/thumb/v7e-m\libc.a(lib_a-findfp.o)
 .debug_frame   0x000010ec       0x34 c:/program files (x86)/atmel/studio/7.0/toolchain/arm/arm-gnu-toolchain/bin/../lib/gcc/arm-none-eabi/6.3.1/../../../../arm-none-eabi/lib/thumb/v7e-m\libc.a(lib_a-fini.o)
 .debug_frame   0x00001120       0x74 c:/program files (x86)/atmel/studio/7.0/toolchain/arm/arm-gnu-toolchain/bin/../lib/gcc/arm-none-eabi/6.3.1/../../../../arm-none-eabi/lib/thumb/v7e-m\libc.a(lib_a-freer.o)
 .debug_frame   0x00001194       0x54 c:/program files (x86)/atmel/studio/7.0/toolchain/arm/arm-gnu-toolchain/bin/../lib/gcc/arm-none-eabi/6.3.1/../../../../arm-none-eabi/lib/thumb/v7e-m\libc.a(lib_a-fwalk.o)
 .debug_frame   0x000011e8       0xb0 c:/program files (x86)/atmel/studio/7.0/toolchain/arm/arm-gnu-toolchain/bin/../lib/gcc/arm-none-eabi/6.3.1/../../../../arm-none-eabi/lib/thumb/v7e-m\libc.a(lib_a-lock.o)
 .debug_frame   0x00001298       0x68 c:/program files (x86)/atmel/studio/7.0/toolchain/arm/arm-gnu-toolchain/bin/../lib/gcc/arm-none-eabi/6.3.1/../../../../arm-none-eabi/lib/thumb/v7e-m\libc.a(lib_a-makebuf.o)
 .debug_frame   0x00001300       0x30 c:/program files (x86)/atmel/studio/7.0/toolchain/arm/arm-gnu-toolchain/bin/../lib/gcc/arm-none-eabi/6.3.1/../../../../arm-none-eabi/lib/thumb/v7e-m\libc.a(lib_a-malloc.o)
 .debug_frame   0x00001330       0x58 c:/program files (x86)/atmel/studio/7.0/toolchain/arm/arm-gnu-toolchain/bin/../lib/gcc/arm-none-eabi/6.3.1/../../../../arm-none-eabi/lib/thumb/v7e-m\libc.a(lib_a-mallocr.o)
 .debug_frame   0x00001388       0x30 c:/program files (x86)/atmel/studio/7.0/toolchain/arm/arm-gnu-toolchain/bin/../lib/gcc/arm-none-eabi/6.3.1/../../../../arm-none-eabi/lib/thumb/v7e-m\libc.a(lib_a-mlock.o)
 .debug_frame   0x000013b8       0x2c c:/program files (x86)/atmel/studio/7.0/toolchain/arm/arm-gnu-toolchain/bin/../lib/gcc/arm-none-eabi/6.3.1/../../../../arm-none-eabi/lib/thumb/v7e-m\libc.a(lib_a-sbrkr.o)
 .debug_frame   0x000013e4       0x88 c:/program files (x86)/atmel/studio/7.0/toolchain/arm/arm-gnu-toolchain/bin/../lib/gcc/arm-none-eabi/6.3.1/../../../../arm-none-eabi/lib/thumb/v7e-m\libc.a(lib_a-stdio.o)
 .debug_frame   0x0000146c       0x2c c:/program files (x86)/atmel/studio/7.0/toolchain/arm/arm-gnu-toolchain/bin/../lib/gcc/arm-none-eabi/6.3.1/../../../../arm-none-eabi/lib/thumb/v7e-m\libc.a(lib_a-writer.o)
 .debug_frame   0x00001498       0x34 c:/program files (x86)/atmel/studio/7.0/toolchain/arm/arm-gnu-toolchain/bin/../lib/gcc/arm-none-eabi/6.3.1/../../../../arm-none-eabi/lib/thumb/v7e-m\libc.a(lib_a-__atexit.o)
 .debug_frame   0x000014cc       0x2c c:/program files (x86)/atmel/studio/7.0/toolchain/arm/arm-gnu-toolchain/bin/../lib/gcc/arm-none-eabi/6.3.1/../../../../arm-none-eabi/lib/thumb/v7e-m\libc.a(lib_a-closer.o)
 .debug_frame   0x000014f8       0x3c c:/program files (x86)/atmel/studio/7.0/toolchain/arm/arm-gnu-toolchain/bin/../lib/gcc/arm-none-eabi/6.3.1/../../../../arm-none-eabi/lib/thumb/v7e-m\libc.a(lib_a-fclose.o)
 .debug_frame   0x00001534       0x2c c:/program files (x86)/atmel/studio/7.0/toolchain/arm/arm-gnu-toolchain/bin/../lib/gcc/arm-none-eabi/6.3.1/../../../../arm-none-eabi/lib/thumb/v7e-m\libc.a(lib_a-fstatr.o)
 .debug_frame   0x00001560       0x2c c:/program files (x86)/atmel/studio/7.0/toolchain/arm/arm-gnu-toolchain/bin/../lib/gcc/arm-none-eabi/6.3.1/../../../../arm-none-eabi/lib/thumb/v7e-m\libc.a(lib_a-lseekr.o)
 .debug_frame   0x0000158c       0x2c c:/program files (x86)/atmel/studio/7.0/toolchain/arm/arm-gnu-toolchain/bin/../lib/gcc/arm-none-eabi/6.3.1/../../../../arm-none-eabi/lib/thumb/v7e-m\libc.a(lib_a-readr.o)
 .debug_frame   0x000015b8       0x58 c:/program files (x86)/atmel/studio/7.0/toolchain/arm/arm-gnu-toolchain/bin/../lib/gcc/arm-none-eabi/6.3.1/../../../../arm-none-eabi/lib/thumb/v7e-m\libc.a(lib_a-reent.o)

Cross Reference Table

Symbol                                            File
ACC_Handler                                       src/ASF/sam/utils/cmsis/sam4e/source/templates/exceptions.o
                                                  src/ASF/sam/utils/cmsis/sam4e/source/templates/gcc/startup_sam4e.o
AES_Handler                                       src/ASF/sam/utils/cmsis/sam4e/source/templates/exceptions.o
                                                  src/ASF/sam/utils/cmsis/sam4e/source/templates/gcc/startup_sam4e.o
AFEC0_Handler                                     src/ASF/sam/utils/cmsis/sam4e/source/templates/exceptions.o
                                                  src/ASF/sam/utils/cmsis/sam4e/source/templates/gcc/startup_sam4e.o
AFEC1_Handler                                     src/ASF/sam/utils/cmsis/sam4e/source/templates/exceptions.o
                                                  src/ASF/sam/utils/cmsis/sam4e/source/templates/gcc/startup_sam4e.o
ARM_Handler                                       src/ASF/sam/utils/cmsis/sam4e/source/templates/exceptions.o
                                                  src/ASF/sam/utils/cmsis/sam4e/source/templates/gcc/startup_sam4e.o
BusFault_Handler                                  src/ASF/sam/utils/cmsis/sam4e/source/templates/exceptions.o
                                                  src/ASF/sam/utils/cmsis/sam4e/source/templates/gcc/startup_sam4e.o
CAN0_Handler                                      src/ASF/sam/utils/cmsis/sam4e/source/templates/exceptions.o
                                                  src/ASF/sam/utils/cmsis/sam4e/source/templates/gcc/startup_sam4e.o
CAN1_Handler                                      src/ASF/sam/utils/cmsis/sam4e/source/templates/exceptions.o
                                                  src/ASF/sam/utils/cmsis/sam4e/source/templates/gcc/startup_sam4e.o
DACC_Handler                                      src/ASF/sam/utils/cmsis/sam4e/source/templates/exceptions.o
                                                  src/ASF/sam/utils/cmsis/sam4e/source/templates/gcc/startup_sam4e.o
DMAC_Handler                                      src/ASF/sam/utils/cmsis/sam4e/source/templates/exceptions.o
                                                  src/ASF/sam/utils/cmsis/sam4e/source/templates/gcc/startup_sam4e.o
DebugMon_Handler                                  src/ASF/sam/utils/cmsis/sam4e/source/templates/exceptions.o
                                                  src/ASF/sam/utils/cmsis/sam4e/source/templates/gcc/startup_sam4e.o
Dummy_Handler                                     src/ASF/sam/utils/cmsis/sam4e/source/templates/exceptions.o
                                                  src/ASF/sam/utils/cmsis/sam4e/source/templates/gcc/startup_sam4e.o
EFC_Handler                                       src/ASF/sam/utils/cmsis/sam4e/source/templates/exceptions.o
                                                  src/ASF/sam/utils/cmsis/sam4e/source/templates/gcc/startup_sam4e.o
GMAC_Handler                                      src/ASF/sam/utils/cmsis/sam4e/source/templates/exceptions.o
                                                  src/ASF/sam/utils/cmsis/sam4e/source/templates/gcc/startup_sam4e.o
HSMCI_Handler                                     src/ASF/sam/utils/cmsis/sam4e/source/templates/exceptions.o
                                                  src/ASF/sam/utils/cmsis/sam4e/source/templates/gcc/startup_sam4e.o
HardFault_Handler                                 src/ASF/sam/utils/cmsis/sam4e/source/templates/exceptions.o
                                                  src/ASF/sam/utils/cmsis/sam4e/source/templates/gcc/startup_sam4e.o
MemManage_Handler                                 src/ASF/sam/utils/cmsis/sam4e/source/templates/exceptions.o
                                                  src/ASF/sam/utils/cmsis/sam4e/source/templates/gcc/startup_sam4e.o
NMI_Handler                                       src/ASF/sam/utils/cmsis/sam4e/source/templates/exceptions.o
                                                  src/ASF/sam/utils/cmsis/sam4e/source/templates/gcc/startup_sam4e.o
PIOA_Handler                                      src/ASF/sam/utils/cmsis/sam4e/source/templates/exceptions.o
                                                  src/ASF/sam/utils/cmsis/sam4e/source/templates/gcc/startup_sam4e.o
PIOB_Handler                                      src/ASF/sam/utils/cmsis/sam4e/source/templates/exceptions.o
                                                  src/ASF/sam/utils/cmsis/sam4e/source/templates/gcc/startup_sam4e.o
PIOC_Handler                                      src/ASF/sam/utils/cmsis/sam4e/source/templates/exceptions.o
                                                  src/ASF/sam/utils/cmsis/sam4e/source/templates/gcc/startup_sam4e.o
PIOD_Handler                                      src/ASF/sam/utils/cmsis/sam4e/source/templates/exceptions.o
                                                  src/ASF/sam/utils/cmsis/sam4e/source/templates/gcc/startup_sam4e.o
PIOE_Handler                                      src/ASF/sam/utils/cmsis/sam4e/source/templates/exceptions.o
                                                  src/ASF/sam/utils/cmsis/sam4e/source/templates/gcc/startup_sam4e.o
PMC_Handler                                       src/ASF/sam/utils/cmsis/sam4e/source/templates/exceptions.o
                                                  src/ASF/sam/utils/cmsis/sam4e/source/templates/gcc/startup_sam4e.o
PWM_Handler                                       src/ASF/sam/utils/cmsis/sam4e/source/templates/exceptions.o
                                                  src/ASF/sam/utils/cmsis/sam4e/source/templates/gcc/startup_sam4e.o
PendSV_Handler                                    src/ASF/sam/utils/cmsis/sam4e/source/templates/exceptions.o
                                                  src/ASF/sam/utils/cmsis/sam4e/source/templates/gcc/startup_sam4e.o
RSTC_Handler                                      src/ASF/sam/utils/cmsis/sam4e/source/templates/exceptions.o
                                                  src/ASF/sam/utils/cmsis/sam4e/source/templates/gcc/startup_sam4e.o
RTC_Handler                                       src/ASF/sam/utils/cmsis/sam4e/source/templates/exceptions.o
                                                  src/ASF/sam/utils/cmsis/sam4e/source/templates/gcc/startup_sam4e.o
RTT_Handler                                       src/ASF/sam/utils/cmsis/sam4e/source/templates/exceptions.o
                                                  src/ASF/sam/utils/cmsis/sam4e/source/templates/gcc/startup_sam4e.o
Reset_Handler                                     src/ASF/sam/utils/cmsis/sam4e/source/templates/gcc/startup_sam4e.o
                                                  src/ASF/sam/utils/cmsis/sam4e/source/templates/exceptions.o
SMC_Handler                                       src/ASF/sam/utils/cmsis/sam4e/source/templates/exceptions.o
SPI_Handler                                       src/spi_example.o
                                                  src/ASF/sam/utils/cmsis/sam4e/source/templates/exceptions.o
                                                  src/ASF/sam/utils/cmsis/sam4e/source/templates/gcc/startup_sam4e.o
SUPC_Handler                                      src/ASF/sam/utils/cmsis/sam4e/source/templates/exceptions.o
                                                  src/ASF/sam/utils/cmsis/sam4e/source/templates/gcc/startup_sam4e.o
SVC_Handler                                       src/ASF/sam/utils/cmsis/sam4e/source/templates/exceptions.o
                                                  src/ASF/sam/utils/cmsis/sam4e/source/templates/gcc/startup_sam4e.o
SysTick_Handler                                   src/ASF/sam/utils/cmsis/sam4e/source/templates/exceptions.o
                                                  src/ASF/sam/utils/cmsis/sam4e/source/templates/gcc/startup_sam4e.o
SystemCoreClock                                   src/ASF/sam/utils/cmsis/sam4e/source/templates/system_sam4e.o
SystemCoreClockUpdate                             src/ASF/sam/utils/cmsis/sam4e/source/templates/system_sam4e.o
                                                  src/ASF/common/services/clock/sam4e/sysclk.o
SystemInit                                        src/ASF/sam/utils/cmsis/sam4e/source/templates/system_sam4e.o
TC0_Handler                                       src/ASF/sam/utils/cmsis/sam4e/source/templates/exceptions.o
                                                  src/ASF/sam/utils/cmsis/sam4e/source/templates/gcc/startup_sam4e.o
TC1_Handler                                       src/ASF/sam/utils/cmsis/sam4e/source/templates/exceptions.o
                                                  src/ASF/sam/utils/cmsis/sam4e/source/templates/gcc/startup_sam4e.o
TC2_Handler                                       src/ASF/sam/utils/cmsis/sam4e/source/templates/exceptions.o
                                                  src/ASF/sam/utils/cmsis/sam4e/source/templates/gcc/startup_sam4e.o
TC3_Handler                                       src/ASF/sam/utils/cmsis/sam4e/source/templates/exceptions.o
                                                  src/ASF/sam/utils/cmsis/sam4e/source/templates/gcc/startup_sam4e.o
TC4_Handler                                       src/ASF/sam/utils/cmsis/sam4e/source/templates/exceptions.o
                                                  src/ASF/sam/utils/cmsis/sam4e/source/templates/gcc/startup_sam4e.o
TC5_Handler                                       src/ASF/sam/utils/cmsis/sam4e/source/templates/exceptions.o
                                                  src/ASF/sam/utils/cmsis/sam4e/source/templates/gcc/startup_sam4e.o
TC6_Handler                                       src/ASF/sam/utils/cmsis/sam4e/source/templates/exceptions.o
                                                  src/ASF/sam/utils/cmsis/sam4e/source/templates/gcc/startup_sam4e.o
TC7_Handler                                       src/ASF/sam/utils/cmsis/sam4e/source/templates/exceptions.o
                                                  src/ASF/sam/utils/cmsis/sam4e/source/templates/gcc/startup_sam4e.o
TC8_Handler                                       src/ASF/sam/utils/cmsis/sam4e/source/templates/exceptions.o
                                                  src/ASF/sam/utils/cmsis/sam4e/source/templates/gcc/startup_sam4e.o
TWI0_Handler                                      src/ASF/sam/utils/cmsis/sam4e/source/templates/exceptions.o
                                                  src/ASF/sam/utils/cmsis/sam4e/source/templates/gcc/startup_sam4e.o
TWI1_Handler                                      src/ASF/sam/utils/cmsis/sam4e/source/templates/exceptions.o
                                                  src/ASF/sam/utils/cmsis/sam4e/source/templates/gcc/startup_sam4e.o
UART0_Handler                                     src/ASF/sam/utils/cmsis/sam4e/source/templates/exceptions.o
                                                  src/ASF/sam/utils/cmsis/sam4e/source/templates/gcc/startup_sam4e.o
UART1_Handler                                     src/ASF/sam/utils/cmsis/sam4e/source/templates/exceptions.o
                                                  src/ASF/sam/utils/cmsis/sam4e/source/templates/gcc/startup_sam4e.o
UDP_Handler                                       src/ASF/sam/utils/cmsis/sam4e/source/templates/exceptions.o
                                                  src/ASF/sam/utils/cmsis/sam4e/source/templates/gcc/startup_sam4e.o
USART0_Handler                                    src/ASF/sam/utils/cmsis/sam4e/source/templates/exceptions.o
                                                  src/ASF/sam/utils/cmsis/sam4e/source/templates/gcc/startup_sam4e.o
USART1_Handler                                    src/ASF/sam/utils/cmsis/sam4e/source/templates/exceptions.o
                                                  src/ASF/sam/utils/cmsis/sam4e/source/templates/gcc/startup_sam4e.o
UsageFault_Handler                                src/ASF/sam/utils/cmsis/sam4e/source/templates/exceptions.o
                                                  src/ASF/sam/utils/cmsis/sam4e/source/templates/gcc/startup_sam4e.o
WDT_Handler                                       src/ASF/sam/utils/cmsis/sam4e/source/templates/exceptions.o
                                                  src/ASF/sam/utils/cmsis/sam4e/source/templates/gcc/startup_sam4e.o
_Jv_RegisterClasses                               c:/program files (x86)/atmel/studio/7.0/toolchain/arm/arm-gnu-toolchain/bin/../lib/gcc/arm-none-eabi/6.3.1/thumb/v7e-m/crtbegin.o
__atexit_recursive_mutex                          c:/program files (x86)/atmel/studio/7.0/toolchain/arm/arm-gnu-toolchain/bin/../lib/gcc/arm-none-eabi/6.3.1/../../../../arm-none-eabi/lib/thumb/v7e-m\libc.a(lib_a-__call_atexit.o)
                                                  c:/program files (x86)/atmel/studio/7.0/toolchain/arm/arm-gnu-toolchain/bin/../lib/gcc/arm-none-eabi/6.3.1/../../../../arm-none-eabi/lib/thumb/v7e-m\libc.a(lib_a-__atexit.o)
__bss_end__                                       c:/program files (x86)/atmel/studio/7.0/toolchain/arm/arm-gnu-toolchain/bin/../lib/gcc/arm-none-eabi/6.3.1/../../../../arm-none-eabi/lib/thumb/v7e-m/crt0.o
__bss_start__                                     c:/program files (x86)/atmel/studio/7.0/toolchain/arm/arm-gnu-toolchain/bin/../lib/gcc/arm-none-eabi/6.3.1/../../../../arm-none-eabi/lib/thumb/v7e-m/crt0.o
__call_exitprocs                                  c:/program files (x86)/atmel/studio/7.0/toolchain/arm/arm-gnu-toolchain/bin/../lib/gcc/arm-none-eabi/6.3.1/../../../../arm-none-eabi/lib/thumb/v7e-m\libc.a(lib_a-__call_atexit.o)
                                                  c:/program files (x86)/atmel/studio/7.0/toolchain/arm/arm-gnu-toolchain/bin/../lib/gcc/arm-none-eabi/6.3.1/../../../../arm-none-eabi/lib/thumb/v7e-m\libc.a(lib_a-exit.o)
__deregister_frame_info                           c:/program files (x86)/atmel/studio/7.0/toolchain/arm/arm-gnu-toolchain/bin/../lib/gcc/arm-none-eabi/6.3.1/thumb/v7e-m/crtbegin.o
__dso_handle                                      c:/program files (x86)/atmel/studio/7.0/toolchain/arm/arm-gnu-toolchain/bin/../lib/gcc/arm-none-eabi/6.3.1/thumb/v7e-m/crtbegin.o
__fini_array_end                                  c:/program files (x86)/atmel/studio/7.0/toolchain/arm/arm-gnu-toolchain/bin/../lib/gcc/arm-none-eabi/6.3.1/../../../../arm-none-eabi/lib/thumb/v7e-m\libc.a(lib_a-fini.o)
__fini_array_start                                c:/program files (x86)/atmel/studio/7.0/toolchain/arm/arm-gnu-toolchain/bin/../lib/gcc/arm-none-eabi/6.3.1/../../../../arm-none-eabi/lib/thumb/v7e-m\libc.a(lib_a-fini.o)
__fp_lock_all                                     c:/program files (x86)/atmel/studio/7.0/toolchain/arm/arm-gnu-toolchain/bin/../lib/gcc/arm-none-eabi/6.3.1/../../../../arm-none-eabi/lib/thumb/v7e-m\libc.a(lib_a-findfp.o)
__fp_unlock_all                                   c:/program files (x86)/atmel/studio/7.0/toolchain/arm/arm-gnu-toolchain/bin/../lib/gcc/arm-none-eabi/6.3.1/../../../../arm-none-eabi/lib/thumb/v7e-m\libc.a(lib_a-findfp.o)
__init_array_end                                  c:/program files (x86)/atmel/studio/7.0/toolchain/arm/arm-gnu-toolchain/bin/../lib/gcc/arm-none-eabi/6.3.1/../../../../arm-none-eabi/lib/thumb/v7e-m\libc.a(lib_a-init.o)
__init_array_start                                c:/program files (x86)/atmel/studio/7.0/toolchain/arm/arm-gnu-toolchain/bin/../lib/gcc/arm-none-eabi/6.3.1/../../../../arm-none-eabi/lib/thumb/v7e-m\libc.a(lib_a-init.o)
__libc_fini                                       c:/program files (x86)/atmel/studio/7.0/toolchain/arm/arm-gnu-toolchain/bin/../lib/gcc/arm-none-eabi/6.3.1/../../../../arm-none-eabi/lib/thumb/v7e-m\libc.a(lib_a-__call_atexit.o)
__libc_fini_array                                 c:/program files (x86)/atmel/studio/7.0/toolchain/arm/arm-gnu-toolchain/bin/../lib/gcc/arm-none-eabi/6.3.1/../../../../arm-none-eabi/lib/thumb/v7e-m\libc.a(lib_a-fini.o)
                                                  c:/program files (x86)/atmel/studio/7.0/toolchain/arm/arm-gnu-toolchain/bin/../lib/gcc/arm-none-eabi/6.3.1/../../../../arm-none-eabi/lib/thumb/v7e-m\libc.a(lib_a-__call_atexit.o)
                                                  c:/program files (x86)/atmel/studio/7.0/toolchain/arm/arm-gnu-toolchain/bin/../lib/gcc/arm-none-eabi/6.3.1/../../../../arm-none-eabi/lib/thumb/v7e-m/crt0.o
__libc_init_array                                 c:/program files (x86)/atmel/studio/7.0/toolchain/arm/arm-gnu-toolchain/bin/../lib/gcc/arm-none-eabi/6.3.1/../../../../arm-none-eabi/lib/thumb/v7e-m\libc.a(lib_a-init.o)
                                                  src/ASF/sam/utils/cmsis/sam4e/source/templates/gcc/startup_sam4e.o
                                                  c:/program files (x86)/atmel/studio/7.0/toolchain/arm/arm-gnu-toolchain/bin/../lib/gcc/arm-none-eabi/6.3.1/../../../../arm-none-eabi/lib/thumb/v7e-m/crt0.o
__lock___arc4random_mutex                         c:/program files (x86)/atmel/studio/7.0/toolchain/arm/arm-gnu-toolchain/bin/../lib/gcc/arm-none-eabi/6.3.1/../../../../arm-none-eabi/lib/thumb/v7e-m\libc.a(lib_a-lock.o)
__lock___at_quick_exit_mutex                      c:/program files (x86)/atmel/studio/7.0/toolchain/arm/arm-gnu-toolchain/bin/../lib/gcc/arm-none-eabi/6.3.1/../../../../arm-none-eabi/lib/thumb/v7e-m\libc.a(lib_a-lock.o)
__lock___atexit_recursive_mutex                   c:/program files (x86)/atmel/studio/7.0/toolchain/arm/arm-gnu-toolchain/bin/../lib/gcc/arm-none-eabi/6.3.1/../../../../arm-none-eabi/lib/thumb/v7e-m\libc.a(lib_a-lock.o)
                                                  c:/program files (x86)/atmel/studio/7.0/toolchain/arm/arm-gnu-toolchain/bin/../lib/gcc/arm-none-eabi/6.3.1/../../../../arm-none-eabi/lib/thumb/v7e-m\libc.a(lib_a-__call_atexit.o)
__lock___dd_hash_mutex                            c:/program files (x86)/atmel/studio/7.0/toolchain/arm/arm-gnu-toolchain/bin/../lib/gcc/arm-none-eabi/6.3.1/../../../../arm-none-eabi/lib/thumb/v7e-m\libc.a(lib_a-lock.o)
__lock___env_recursive_mutex                      c:/program files (x86)/atmel/studio/7.0/toolchain/arm/arm-gnu-toolchain/bin/../lib/gcc/arm-none-eabi/6.3.1/../../../../arm-none-eabi/lib/thumb/v7e-m\libc.a(lib_a-lock.o)
__lock___malloc_recursive_mutex                   c:/program files (x86)/atmel/studio/7.0/toolchain/arm/arm-gnu-toolchain/bin/../lib/gcc/arm-none-eabi/6.3.1/../../../../arm-none-eabi/lib/thumb/v7e-m\libc.a(lib_a-lock.o)
                                                  c:/program files (x86)/atmel/studio/7.0/toolchain/arm/arm-gnu-toolchain/bin/../lib/gcc/arm-none-eabi/6.3.1/../../../../arm-none-eabi/lib/thumb/v7e-m\libc.a(lib_a-mlock.o)
__lock___sfp_recursive_mutex                      c:/program files (x86)/atmel/studio/7.0/toolchain/arm/arm-gnu-toolchain/bin/../lib/gcc/arm-none-eabi/6.3.1/../../../../arm-none-eabi/lib/thumb/v7e-m\libc.a(lib_a-lock.o)
                                                  c:/program files (x86)/atmel/studio/7.0/toolchain/arm/arm-gnu-toolchain/bin/../lib/gcc/arm-none-eabi/6.3.1/../../../../arm-none-eabi/lib/thumb/v7e-m\libc.a(lib_a-findfp.o)
__lock___sinit_recursive_mutex                    c:/program files (x86)/atmel/studio/7.0/toolchain/arm/arm-gnu-toolchain/bin/../lib/gcc/arm-none-eabi/6.3.1/../../../../arm-none-eabi/lib/thumb/v7e-m\libc.a(lib_a-lock.o)
                                                  c:/program files (x86)/atmel/studio/7.0/toolchain/arm/arm-gnu-toolchain/bin/../lib/gcc/arm-none-eabi/6.3.1/../../../../arm-none-eabi/lib/thumb/v7e-m\libc.a(lib_a-findfp.o)
__lock___tz_mutex                                 c:/program files (x86)/atmel/studio/7.0/toolchain/arm/arm-gnu-toolchain/bin/../lib/gcc/arm-none-eabi/6.3.1/../../../../arm-none-eabi/lib/thumb/v7e-m\libc.a(lib_a-lock.o)
__malloc_av_                                      c:/program files (x86)/atmel/studio/7.0/toolchain/arm/arm-gnu-toolchain/bin/../lib/gcc/arm-none-eabi/6.3.1/../../../../arm-none-eabi/lib/thumb/v7e-m\libc.a(lib_a-mallocr.o)
                                                  c:/program files (x86)/atmel/studio/7.0/toolchain/arm/arm-gnu-toolchain/bin/../lib/gcc/arm-none-eabi/6.3.1/../../../../arm-none-eabi/lib/thumb/v7e-m\libc.a(lib_a-freer.o)
__malloc_current_mallinfo                         c:/program files (x86)/atmel/studio/7.0/toolchain/arm/arm-gnu-toolchain/bin/../lib/gcc/arm-none-eabi/6.3.1/../../../../arm-none-eabi/lib/thumb/v7e-m\libc.a(lib_a-mallocr.o)
                                                  c:/program files (x86)/atmel/studio/7.0/toolchain/arm/arm-gnu-toolchain/bin/../lib/gcc/arm-none-eabi/6.3.1/../../../../arm-none-eabi/lib/thumb/v7e-m\libc.a(lib_a-freer.o)
__malloc_lock                                     c:/program files (x86)/atmel/studio/7.0/toolchain/arm/arm-gnu-toolchain/bin/../lib/gcc/arm-none-eabi/6.3.1/../../../../arm-none-eabi/lib/thumb/v7e-m\libc.a(lib_a-mlock.o)
                                                  c:/program files (x86)/atmel/studio/7.0/toolchain/arm/arm-gnu-toolchain/bin/../lib/gcc/arm-none-eabi/6.3.1/../../../../arm-none-eabi/lib/thumb/v7e-m\libc.a(lib_a-mallocr.o)
                                                  c:/program files (x86)/atmel/studio/7.0/toolchain/arm/arm-gnu-toolchain/bin/../lib/gcc/arm-none-eabi/6.3.1/../../../../arm-none-eabi/lib/thumb/v7e-m\libc.a(lib_a-freer.o)
__malloc_max_sbrked_mem                           c:/program files (x86)/atmel/studio/7.0/toolchain/arm/arm-gnu-toolchain/bin/../lib/gcc/arm-none-eabi/6.3.1/../../../../arm-none-eabi/lib/thumb/v7e-m\libc.a(lib_a-mallocr.o)
__malloc_max_total_mem                            c:/program files (x86)/atmel/studio/7.0/toolchain/arm/arm-gnu-toolchain/bin/../lib/gcc/arm-none-eabi/6.3.1/../../../../arm-none-eabi/lib/thumb/v7e-m\libc.a(lib_a-mallocr.o)
__malloc_sbrk_base                                c:/program files (x86)/atmel/studio/7.0/toolchain/arm/arm-gnu-toolchain/bin/../lib/gcc/arm-none-eabi/6.3.1/../../../../arm-none-eabi/lib/thumb/v7e-m\libc.a(lib_a-mallocr.o)
                                                  c:/program files (x86)/atmel/studio/7.0/toolchain/arm/arm-gnu-toolchain/bin/../lib/gcc/arm-none-eabi/6.3.1/../../../../arm-none-eabi/lib/thumb/v7e-m\libc.a(lib_a-freer.o)
__malloc_top_pad                                  c:/program files (x86)/atmel/studio/7.0/toolchain/arm/arm-gnu-toolchain/bin/../lib/gcc/arm-none-eabi/6.3.1/../../../../arm-none-eabi/lib/thumb/v7e-m\libc.a(lib_a-mallocr.o)
                                                  c:/program files (x86)/atmel/studio/7.0/toolchain/arm/arm-gnu-toolchain/bin/../lib/gcc/arm-none-eabi/6.3.1/../../../../arm-none-eabi/lib/thumb/v7e-m\libc.a(lib_a-freer.o)
__malloc_trim_threshold                           c:/program files (x86)/atmel/studio/7.0/toolchain/arm/arm-gnu-toolchain/bin/../lib/gcc/arm-none-eabi/6.3.1/../../../../arm-none-eabi/lib/thumb/v7e-m\libc.a(lib_a-mallocr.o)
                                                  c:/program files (x86)/atmel/studio/7.0/toolchain/arm/arm-gnu-toolchain/bin/../lib/gcc/arm-none-eabi/6.3.1/../../../../arm-none-eabi/lib/thumb/v7e-m\libc.a(lib_a-freer.o)
__malloc_unlock                                   c:/program files (x86)/atmel/studio/7.0/toolchain/arm/arm-gnu-toolchain/bin/../lib/gcc/arm-none-eabi/6.3.1/../../../../arm-none-eabi/lib/thumb/v7e-m\libc.a(lib_a-mlock.o)
                                                  c:/program files (x86)/atmel/studio/7.0/toolchain/arm/arm-gnu-toolchain/bin/../lib/gcc/arm-none-eabi/6.3.1/../../../../arm-none-eabi/lib/thumb/v7e-m\libc.a(lib_a-mallocr.o)
                                                  c:/program files (x86)/atmel/studio/7.0/toolchain/arm/arm-gnu-toolchain/bin/../lib/gcc/arm-none-eabi/6.3.1/../../../../arm-none-eabi/lib/thumb/v7e-m\libc.a(lib_a-freer.o)
__preinit_array_end                               c:/program files (x86)/atmel/studio/7.0/toolchain/arm/arm-gnu-toolchain/bin/../lib/gcc/arm-none-eabi/6.3.1/../../../../arm-none-eabi/lib/thumb/v7e-m\libc.a(lib_a-init.o)
__preinit_array_start                             c:/program files (x86)/atmel/studio/7.0/toolchain/arm/arm-gnu-toolchain/bin/../lib/gcc/arm-none-eabi/6.3.1/../../../../arm-none-eabi/lib/thumb/v7e-m\libc.a(lib_a-init.o)